Archive member included to satisfy reference by file (symbol)

c:/program files (x86)/atmel/studio/7.0/toolchain/arm/arm-gnu-toolchain/bin/../lib/gcc/arm-none-eabi/6.3.1/thumb/v7e-m\libgcc.a(_aeabi_uldivmod.o)
                              src/functions.o (__aeabi_uldivmod)
c:/program files (x86)/atmel/studio/7.0/toolchain/arm/arm-gnu-toolchain/bin/../lib/gcc/arm-none-eabi/6.3.1/thumb/v7e-m\libgcc.a(_udivmoddi4.o)
                              c:/program files (x86)/atmel/studio/7.0/toolchain/arm/arm-gnu-toolchain/bin/../lib/gcc/arm-none-eabi/6.3.1/thumb/v7e-m\libgcc.a(_aeabi_uldivmod.o) (__udivmoddi4)
c:/program files (x86)/atmel/studio/7.0/toolchain/arm/arm-gnu-toolchain/bin/../lib/gcc/arm-none-eabi/6.3.1/thumb/v7e-m\libgcc.a(_dvmd_tls.o)
                              c:/program files (x86)/atmel/studio/7.0/toolchain/arm/arm-gnu-toolchain/bin/../lib/gcc/arm-none-eabi/6.3.1/thumb/v7e-m\libgcc.a(_aeabi_uldivmod.o) (__aeabi_ldiv0)
c:/program files (x86)/atmel/studio/7.0/toolchain/arm/arm-gnu-toolchain/bin/../lib/gcc/arm-none-eabi/6.3.1/../../../../arm-none-eabi/lib/thumb/v7e-m\libc.a(lib_a-exit.o)
                              c:/program files (x86)/atmel/studio/7.0/toolchain/arm/arm-gnu-toolchain/bin/../lib/gcc/arm-none-eabi/6.3.1/../../../../arm-none-eabi/lib/thumb/v7e-m/crt0.o (exit)
c:/program files (x86)/atmel/studio/7.0/toolchain/arm/arm-gnu-toolchain/bin/../lib/gcc/arm-none-eabi/6.3.1/../../../../arm-none-eabi/lib/thumb/v7e-m\libc.a(lib_a-impure.o)
                              c:/program files (x86)/atmel/studio/7.0/toolchain/arm/arm-gnu-toolchain/bin/../lib/gcc/arm-none-eabi/6.3.1/../../../../arm-none-eabi/lib/thumb/v7e-m\libc.a(lib_a-exit.o) (_global_impure_ptr)
c:/program files (x86)/atmel/studio/7.0/toolchain/arm/arm-gnu-toolchain/bin/../lib/gcc/arm-none-eabi/6.3.1/../../../../arm-none-eabi/lib/thumb/v7e-m\libc.a(lib_a-init.o)
                              c:/program files (x86)/atmel/studio/7.0/toolchain/arm/arm-gnu-toolchain/bin/../lib/gcc/arm-none-eabi/6.3.1/../../../../arm-none-eabi/lib/thumb/v7e-m/crt0.o (__libc_init_array)
c:/program files (x86)/atmel/studio/7.0/toolchain/arm/arm-gnu-toolchain/bin/../lib/gcc/arm-none-eabi/6.3.1/../../../../arm-none-eabi/lib/thumb/v7e-m\libc.a(lib_a-memcpy.o)
                              src/functions.o (memcpy)
c:/program files (x86)/atmel/studio/7.0/toolchain/arm/arm-gnu-toolchain/bin/../lib/gcc/arm-none-eabi/6.3.1/../../../../arm-none-eabi/lib/thumb/v7e-m\libc.a(lib_a-memset.o)
                              c:/program files (x86)/atmel/studio/7.0/toolchain/arm/arm-gnu-toolchain/bin/../lib/gcc/arm-none-eabi/6.3.1/../../../../arm-none-eabi/lib/thumb/v7e-m/crt0.o (memset)
c:/program files (x86)/atmel/studio/7.0/toolchain/arm/arm-gnu-toolchain/bin/../lib/gcc/arm-none-eabi/6.3.1/../../../../arm-none-eabi/lib/thumb/v7e-m\libc.a(lib_a-__call_atexit.o)
                              c:/program files (x86)/atmel/studio/7.0/toolchain/arm/arm-gnu-toolchain/bin/../lib/gcc/arm-none-eabi/6.3.1/../../../../arm-none-eabi/lib/thumb/v7e-m\libc.a(lib_a-exit.o) (__call_exitprocs)
c:/program files (x86)/atmel/studio/7.0/toolchain/arm/arm-gnu-toolchain/bin/../lib/gcc/arm-none-eabi/6.3.1/../../../../arm-none-eabi/lib/thumb/v7e-m\libc.a(lib_a-atexit.o)
                              c:/program files (x86)/atmel/studio/7.0/toolchain/arm/arm-gnu-toolchain/bin/../lib/gcc/arm-none-eabi/6.3.1/../../../../arm-none-eabi/lib/thumb/v7e-m\libc.a(lib_a-__call_atexit.o) (atexit)
c:/program files (x86)/atmel/studio/7.0/toolchain/arm/arm-gnu-toolchain/bin/../lib/gcc/arm-none-eabi/6.3.1/../../../../arm-none-eabi/lib/thumb/v7e-m\libc.a(lib_a-fini.o)
                              c:/program files (x86)/atmel/studio/7.0/toolchain/arm/arm-gnu-toolchain/bin/../lib/gcc/arm-none-eabi/6.3.1/../../../../arm-none-eabi/lib/thumb/v7e-m\libc.a(lib_a-__call_atexit.o) (__libc_fini_array)
c:/program files (x86)/atmel/studio/7.0/toolchain/arm/arm-gnu-toolchain/bin/../lib/gcc/arm-none-eabi/6.3.1/../../../../arm-none-eabi/lib/thumb/v7e-m\libc.a(lib_a-lock.o)
                              c:/program files (x86)/atmel/studio/7.0/toolchain/arm/arm-gnu-toolchain/bin/../lib/gcc/arm-none-eabi/6.3.1/../../../../arm-none-eabi/lib/thumb/v7e-m\libc.a(lib_a-__call_atexit.o) (__retarget_lock_acquire_recursive)
c:/program files (x86)/atmel/studio/7.0/toolchain/arm/arm-gnu-toolchain/bin/../lib/gcc/arm-none-eabi/6.3.1/../../../../arm-none-eabi/lib/thumb/v7e-m\libc.a(lib_a-__atexit.o)
                              c:/program files (x86)/atmel/studio/7.0/toolchain/arm/arm-gnu-toolchain/bin/../lib/gcc/arm-none-eabi/6.3.1/../../../../arm-none-eabi/lib/thumb/v7e-m\libc.a(lib_a-atexit.o) (__register_exitproc)

Allocating common symbols
Common symbol       size              file

__lock___atexit_recursive_mutex
[...]
Memory Configuration

Name             Origin             Length             Attributes
rom              0x00400000         0x00200000         xr
ram              0x20400000         0x00060000         xrw
*default*        0x00000000         0xffffffff

Linker script and memory map

LOAD c:/program files (x86)/atmel/studio/7.0/toolchain/arm/arm-gnu-toolchain/bin/../lib/gcc/arm-none-eabi/6.3.1/thumb/v7e-m/crti.o
LOAD c:/program files (x86)/atmel/studio/7.0/toolchain/arm/arm-gnu-toolchain/bin/../lib/gcc/arm-none-eabi/6.3.1/thumb/v7e-m/crtbegin.o
LOAD c:/program files (x86)/atmel/studio/7.0/toolchain/arm/arm-gnu-toolchain/bin/../lib/gcc/arm-none-eabi/6.3.1/../../../../arm-none-eabi/lib/thumb/v7e-m/crt0.o
LOAD src/ASF/common/services/delay/sam/cycle_counter.o
LOAD src/functions.o
LOAD src/ASF/common/services/clock/same70/sysclk.o
LOAD src/ASF/common/utils/interrupt/interrupt_sam_nvic.o
LOAD src/ASF/sam/boards/same70_xplained/init.o
LOAD src/ASF/sam/drivers/mpu/mpu.o
LOAD src/ASF/sam/drivers/pio/pio.o
LOAD src/ASF/sam/drivers/pio/pio_handler.o
LOAD src/ASF/sam/drivers/pmc/pmc.o
LOAD src/ASF/sam/drivers/pmc/sleep.o
LOAD src/ASF/sam/utils/cmsis/same70/source/templates/gcc/startup_same70.o
LOAD src/ASF/sam/utils/cmsis/same70/source/templates/system_same70.o
LOAD src/ASF/sam/utils/syscalls/gcc/syscalls.o
LOAD src/main.o
START GROUP
LOAD ../src/ASF/thirdparty/CMSIS/Lib/GCC\libarm_cortexM7lfsp_math_softfp.a
LOAD c:/program files (x86)/atmel/studio/7.0/toolchain/arm/arm-gnu-toolchain/bin/../lib/gcc/arm-none-eabi/6.3.1/../../../../arm-none-eabi/lib/thumb/v7e-m\libm.a
END GROUP
START GROUP
LOAD c:/program files (x86)/atmel/studio/7.0/toolchain/arm/arm-gnu-toolchain/bin/../lib/gcc/arm-none-eabi/6.3.1/thumb/v7e-m\libgcc.a
LOAD c:/program files (x86)/atmel/studio/7.0/toolchain/arm/arm-gnu-toolchain/bin/../lib/gcc/arm-none-eabi/6.3.1/../../../../arm-none-eabi/lib/thumb/v7e-m\libc.a
END GROUP
LOAD c:/program files (x86)/atmel/studio/7.0/toolchain/arm/arm-gnu-toolchain/bin/../lib/gcc/arm-none-eabi/6.3.1/thumb/v7e-m/crtend.o
LOAD c:/program files (x86)/atmel/studio/7.0/toolchain/arm/arm-gnu-toolchain/bin/../lib/gcc/arm-none-eabi/6.3.1/thumb/v7e-m/crtn.o
                0x00002000                STACK_SIZE = DEFINED (STACK_SIZE)?STACK_SIZE:0x2000
                0x2045fffc                __ram_end__ = ((ORIGIN (ram) + LENGTH (ram)) - 0x4)
                0x00000200                HEAP_SIZE = DEFINED (HEAP_SIZE)?HEAP_SIZE:0x200

.text           0x00400000     0x1488
                0x00400000                . = ALIGN (0x4)
                0x00400000                _sfixed = .
 *(.vectors .vectors.*)
 .vectors       0x00400000      0x168 src/ASF/sam/utils/cmsis/same70/source/templates/gcc/startup_same70.o
                0x00400000                exception_table
 *(.text .text.* .gnu.linkonce.t.*)
 .text          0x00400168       0x6c c:/program files (x86)/atmel/studio/7.0/toolchain/arm/arm-gnu-toolchain/bin/../lib/gcc/arm-none-eabi/6.3.1/thumb/v7e-m/crtbegin.o
 .text.play_note
                0x004001d4      0x118 src/functions.o
                0x004001d4                play_note
 .text.play_song_part
                0x004002ec       0x64 src/functions.o
                0x004002ec                play_song_part
 .text.play_song
                0x00400350       0x60 src/functions.o
                0x00400350                play_song
 .text.pio_init
                0x004003b0       0x44 src/functions.o
                0x004003b0                pio_init
 .text.pin_toggle
                0x004003f4       0x2c src/functions.o
                0x004003f4                pin_toggle
 .text.sysclk_init
                0x00400420       0x70 src/ASF/common/services/clock/same70/sysclk.o
                0x00400420                sysclk_init
 .text.pio_set  0x00400490        0x4 src/ASF/sam/drivers/pio/pio.o
                0x00400490                pio_set
 .text.pio_clear
                0x00400494        0x4 src/ASF/sam/drivers/pio/pio.o
                0x00400494                pio_clear
 .text.pio_set_peripheral
                0x00400498       0x92 src/ASF/sam/drivers/pio/pio.o
                0x00400498                pio_set_peripheral
 .text.pio_set_input
                0x0040052a       0x36 src/ASF/sam/drivers/pio/pio.o
                0x0040052a                pio_set_input
 .text.pio_set_output
                0x00400560       0x28 src/ASF/sam/drivers/pio/pio.o
                0x00400560                pio_set_output
 .text.pio_configure
                0x00400588       0x90 src/ASF/sam/drivers/pio/pio.o
                0x00400588                pio_configure
 .text.pio_get_output_data_status
                0x00400618        0xc src/ASF/sam/drivers/pio/pio.o
                0x00400618                pio_get_output_data_status
 .text.pio_configure_interrupt
                0x00400624       0x32 src/ASF/sam/drivers/pio/pio.o
                0x00400624                pio_configure_interrupt
 .text.pio_enable_interrupt
                0x00400656        0x4 src/ASF/sam/drivers/pio/pio.o
                0x00400656                pio_enable_interrupt
 .text.pio_get_interrupt_status
                0x0040065a        0x4 src/ASF/sam/drivers/pio/pio.o
                0x0040065a                pio_get_interrupt_status
 .text.pio_get_interrupt_mask
                0x0040065e        0x4 src/ASF/sam/drivers/pio/pio.o
                0x0040065e                pio_get_interrupt_mask
 *fill*         0x00400662        0x2 
 .text.pio_handler_process
                0x00400664       0x50 src/ASF/sam/drivers/pio/pio_handler.o
                0x00400664                pio_handler_process
 .text.pio_handler_set
                0x004006b4       0x70 src/ASF/sam/drivers/pio/pio_handler.o
                0x004006b4                pio_handler_set
 .text.PIOA_Handler
                0x00400724       0x14 src/ASF/sam/drivers/pio/pio_handler.o
                0x00400724                PIOA_Handler
 .text.PIOB_Handler
                0x00400738       0x14 src/ASF/sam/drivers/pio/pio_handler.o
                0x00400738                PIOB_Handler
 .text.PIOC_Handler
                0x0040074c       0x14 src/ASF/sam/drivers/pio/pio_handler.o
                0x0040074c                PIOC_Handler
 .text.PIOD_Handler
                0x00400760       0x14 src/ASF/sam/drivers/pio/pio_handler.o
                0x00400760                PIOD_Handler
 .text.PIOE_Handler
                0x00400774       0x14 src/ASF/sam/drivers/pio/pio_handler.o
                0x00400774                PIOE_Handler
 .text.pmc_mck_set_division
                0x00400788       0x38 src/ASF/sam/drivers/pmc/pmc.o
                0x00400788                pmc_mck_set_division
 .text.pmc_switch_mck_to_pllack
                0x004007c0       0x64 src/ASF/sam/drivers/pmc/pmc.o
                0x004007c0                pmc_switch_mck_to_pllack
 .text.pmc_switch_mainck_to_xtal
                0x00400824       0x54 src/ASF/sam/drivers/pmc/pmc.o
                0x00400824                pmc_switch_mainck_to_xtal
 .text.pmc_osc_is_ready_mainck
                0x00400878       0x10 src/ASF/sam/drivers/pmc/pmc.o
                0x00400878                pmc_osc_is_ready_mainck
 .text.pmc_disable_pllack
                0x00400888       0x10 src/ASF/sam/drivers/pmc/pmc.o
                0x00400888                pmc_disable_pllack
 .text.pmc_is_locked_pllack
                0x00400898       0x10 src/ASF/sam/drivers/pmc/pmc.o
                0x00400898                pmc_is_locked_pllack
 .text.pmc_enable_periph_clk
                0x004008a8       0x20 src/ASF/sam/drivers/pmc/pmc.o
                0x004008a8                pmc_enable_periph_clk
 .text.Dummy_Handler
                0x004008c8        0x2 src/ASF/sam/utils/cmsis/same70/source/templates/gcc/startup_same70.o
                0x004008c8                DACC_Handler
                0x004008c8                DebugMon_Handler
                0x004008c8                UART3_Handler
                0x004008c8                UART2_Handler
                0x004008c8                TRNG_Handler
                0x004008c8                HardFault_Handler
                0x004008c8                TC2_Handler
                0x004008c8                SysTick_Handler
                0x004008c8                AFEC1_Handler
                0x004008c8                PendSV_Handler
                0x004008c8                NMI_Handler
                0x004008c8                TC7_Handler
                0x004008c8                QSPI_Handler
                0x004008c8                ISI_Handler
                0x004008c8                MCAN0_INT0_Handler
                0x004008c8                TC9_Handler
                0x004008c8                RSWDT_Handler
                0x004008c8                USART0_Handler
                0x004008c8                RTT_Handler
                0x004008c8                USBHS_Handler
                0x004008c8                IXC_Handler
                0x004008c8                CCF_Handler
                0x004008c8                RTC_Handler
                0x004008c8                UsageFault_Handler
                0x004008c8                TC6_Handler
                0x004008c8                WDT_Handler
                0x004008c8                MCAN1_INT1_Handler
                0x004008c8                TC4_Handler
                0x004008c8                TC1_Handler
                0x004008c8                HSMCI_Handler
                0x004008c8                UART1_Handler
                0x004008c8                TC3_Handler
                0x004008c8                Dummy_Handler
                0x004008c8                TWIHS1_Handler
                0x004008c8                XDMAC_Handler
                0x004008c8                UART4_Handler
                0x004008c8                PWM1_Handler
                0x004008c8                USART1_Handler
                0x004008c8                PWM0_Handler
                0x004008c8                AFEC0_Handler
                0x004008c8                CCW_Handler
                0x004008c8                SSC_Handler
                0x004008c8                TC11_Handler
                0x004008c8                ACC_Handler
                0x004008c8                PMC_Handler
                0x004008c8                GMAC_Handler
                0x004008c8                MCAN0_INT1_Handler
                0x004008c8                GMAC_Q5_Handler
                0x004008c8                MemManage_Handler
                0x004008c8                SUPC_Handler
                0x004008c8                SVC_Handler
                0x004008c8                TC8_Handler
                0x004008c8                MCAN1_INT0_Handler
                0x004008c8                EFC_Handler
                0x004008c8                GMAC_Q1_Handler
                0x004008c8                USART2_Handler
                0x004008c8                SDRAMC_Handler
                0x004008c8                GMAC_Q2_Handler
                0x004008c8                SPI1_Handler
                0x004008c8                TC10_Handler
                0x004008c8                GMAC_Q3_Handler
                0x004008c8                TWIHS2_Handler
                0x004008c8                I2SC0_Handler
                0x004008c8                UART0_Handler
                0x004008c8                I2SC1_Handler
                0x004008c8                GMAC_Q4_Handler
                0x004008c8                FPU_Handler
                0x004008c8                BusFault_Handler
                0x004008c8                RSTC_Handler
                0x004008c8                TC0_Handler
                0x004008c8                TC5_Handler
                0x004008c8                ICM_Handler
                0x004008c8                AES_Handler
                0x004008c8                TWIHS0_Handler
                0x004008c8                SPI0_Handler
 *fill*         0x004008ca        0x2 
 .text.Reset_Handler
                0x004008cc       0xc8 src/ASF/sam/utils/cmsis/same70/source/templates/gcc/startup_same70.o
                0x004008cc                Reset_Handler
 .text.SystemCoreClockUpdate
                0x00400994      0x10c src/ASF/sam/utils/cmsis/same70/source/templates/system_same70.o
                0x00400994                SystemCoreClockUpdate
 .text.system_init_flash
                0x00400aa0       0x8c src/ASF/sam/utils/cmsis/same70/source/templates/system_same70.o
                0x00400aa0                system_init_flash
 .text.play_callback
                0x00400b2c        0xc src/main.o
                0x00400b2c                play_callback
 .text.pause_callback
                0x00400b38        0xc src/main.o
                0x00400b38                pause_callback
 .text.next_callback
                0x00400b44       0x60 src/main.o
                0x00400b44                next_callback
 .text.init     0x00400ba4      0x1c8 src/main.o
                0x00400ba4                init
 .text.main     0x00400d6c       0xa0 src/main.o
                0x00400d6c                main
 .text          0x00400e0c       0x30 c:/program files (x86)/atmel/studio/7.0/toolchain/arm/arm-gnu-toolchain/bin/../lib/gcc/arm-none-eabi/6.3.1/thumb/v7e-m\libgcc.a(_aeabi_uldivmod.o)
                0x00400e0c                __aeabi_uldivmod
 .text          0x00400e3c      0x2dc c:/program files (x86)/atmel/studio/7.0/toolchain/arm/arm-gnu-toolchain/bin/../lib/gcc/arm-none-eabi/6.3.1/thumb/v7e-m\libgcc.a(_udivmoddi4.o)
                0x00400e3c                __udivmoddi4
 .text          0x00401118        0x4 c:/program files (x86)/atmel/studio/7.0/toolchain/arm/arm-gnu-toolchain/bin/../lib/gcc/arm-none-eabi/6.3.1/thumb/v7e-m\libgcc.a(_dvmd_tls.o)
                0x00401118                __aeabi_idiv0
                0x00401118                __aeabi_ldiv0
 .text.__libc_init_array
                0x0040111c       0x50 c:/program files (x86)/atmel/studio/7.0/toolchain/arm/arm-gnu-toolchain/bin/../lib/gcc/arm-none-eabi/6.3.1/../../../../arm-none-eabi/lib/thumb/v7e-m\libc.a(lib_a-init.o)
                0x0040111c                __libc_init_array
 .text          0x0040116c      0x134 c:/program files (x86)/atmel/studio/7.0/toolchain/arm/arm-gnu-toolchain/bin/../lib/gcc/arm-none-eabi/6.3.1/../../../../arm-none-eabi/lib/thumb/v7e-m\libc.a(lib_a-memcpy.o)
                0x0040116c                memcpy
 .text.startup.register_fini
                0x004012a0       0x14 c:/program files (x86)/atmel/studio/7.0/toolchain/arm/arm-gnu-toolchain/bin/../lib/gcc/arm-none-eabi/6.3.1/../../../../arm-none-eabi/lib/thumb/v7e-m\libc.a(lib_a-__call_atexit.o)
 .text.atexit   0x004012b4        0xc c:/program files (x86)/atmel/studio/7.0/toolchain/arm/arm-gnu-toolchain/bin/../lib/gcc/arm-none-eabi/6.3.1/../../../../arm-none-eabi/lib/thumb/v7e-m\libc.a(lib_a-atexit.o)
                0x004012b4                atexit
 .text.__libc_fini_array
                0x004012c0       0x34 c:/program files (x86)/atmel/studio/7.0/toolchain/arm/arm-gnu-toolchain/bin/../lib/gcc/arm-none-eabi/6.3.1/../../../../arm-none-eabi/lib/thumb/v7e-m\libc.a(lib_a-fini.o)
                0x004012c0                __libc_fini_array
 .text.__retarget_lock_acquire_recursive
                0x004012f4        0x4 c:/program files (x86)/atmel/studio/7.0/toolchain/arm/arm-gnu-toolchain/bin/../lib/gcc/arm-none-eabi/6.3.1/../../../../arm-none-eabi/lib/thumb/v7e-m\libc.a(lib_a-lock.o)
                0x004012f4                __retarget_lock_acquire_recursive
 .text.__retarget_lock_release_recursive
                0x004012f8        0x4 c:/program files (x86)/atmel/studio/7.0/toolchain/arm/arm-gnu-toolchain/bin/../lib/gcc/arm-none-eabi/6.3.1/../../../../arm-none-eabi/lib/thumb/v7e-m\libc.a(lib_a-lock.o)
                0x004012f8                __retarget_lock_release_recursive
 .text.__register_exitproc
                0x004012fc       0xc4 c:/program files (x86)/atmel/studio/7.0/toolchain/arm/arm-gnu-toolchain/bin/../lib/gcc/arm-none-eabi/6.3.1/../../../../arm-none-eabi/lib/thumb/v7e-m\libc.a(lib_a-__atexit.o)
                0x004012fc                __register_exitproc
 *(.glue_7t)
 .glue_7t       0x004013c0        0x0 linker stubs
 *(.glue_7)
 .glue_7        0x004013c0        0x0 linker stubs
 *(.rodata .rodata* .gnu.linkonce.r.*)
 .rodata        0x004013c0       0xa0 src/main.o
 .rodata._global_impure_ptr
                0x00401460        0x4 c:/program files (x86)/atmel/studio/7.0/toolchain/arm/arm-gnu-toolchain/bin/../lib/gcc/arm-none-eabi/6.3.1/../../../../arm-none-eabi/lib/thumb/v7e-m\libc.a(lib_a-impure.o)
                0x00401460                _global_impure_ptr
 *(.ARM.extab* .gnu.linkonce.armextab.*)
                0x00401464                . = ALIGN (0x4)
 *(.init)
 .init          0x00401464        0x4 c:/program files (x86)/atmel/studio/7.0/toolchain/arm/arm-gnu-toolchain/bin/../lib/gcc/arm-none-eabi/6.3.1/thumb/v7e-m/crti.o
                0x00401464                _init
 .init          0x00401468        0x8 c:/program files (x86)/atmel/studio/7.0/toolchain/arm/arm-gnu-toolchain/bin/../lib/gcc/arm-none-eabi/6.3.1/thumb/v7e-m/crtn.o
                0x00401470                . = ALIGN (0x4)
                0x00401470                __preinit_array_start = .
 *(.preinit_array)
                0x00401470                __preinit_array_end = .
                0x00401470                . = ALIGN (0x4)
                0x00401470                __init_array_start = .
 *(SORT(.init_array.*))
 .init_array.00000
                0x00401470        0x4 c:/program files (x86)/atmel/studio/7.0/toolchain/arm/arm-gnu-toolchain/bin/../lib/gcc/arm-none-eabi/6.3.1/../../../../arm-none-eabi/lib/thumb/v7e-m\libc.a(lib_a-__call_atexit.o)
 *(.init_array)
 .init_array    0x00401474        0x4 c:/program files (x86)/atmel/studio/7.0/toolchain/arm/arm-gnu-toolchain/bin/../lib/gcc/arm-none-eabi/6.3.1/thumb/v7e-m/crtbegin.o
                0x00401478                __init_array_end = .
                0x00401478                . = ALIGN (0x4)
 *crtbegin.o(.ctors)
 *(EXCLUDE_FILE(*crtend.o) .ctors)
 *(SORT(.ctors.*))
 *crtend.o(.ctors)
                0x00401478                . = ALIGN (0x4)
 *(.fini)
 .fini          0x00401478        0x4 c:/program files (x86)/atmel/studio/7.0/toolchain/arm/arm-gnu-toolchain/bin/../lib/gcc/arm-none-eabi/6.3.1/thumb/v7e-m/crti.o
                0x00401478                _fini
 .fini          0x0040147c        0x8 c:/program files (x86)/atmel/studio/7.0/toolchain/arm/arm-gnu-toolchain/bin/../lib/gcc/arm-none-eabi/6.3.1/thumb/v7e-m/crtn.o
                0x00401484                . = ALIGN (0x4)
                0x00401484                __fini_array_start = .
 *(.fini_array)
 .fini_array    0x00401484        0x4 c:/program files (x86)/atmel/studio/7.0/toolchain/arm/arm-gnu-toolchain/bin/../lib/gcc/arm-none-eabi/6.3.1/thumb/v7e-m/crtbegin.o
 *(SORT(.fini_array.*))
                0x00401488                __fini_array_end = .
 *crtbegin.o(.dtors)
 *(EXCLUDE_FILE(*crtend.o) .dtors)
 *(SORT(.dtors.*))
 *crtend.o(.dtors)
                0x00401488                . = ALIGN (0x4)
                0x00401488                _efixed = .
                [!provide]                PROVIDE (__exidx_start, .)

.vfp11_veneer   0x00401488        0x0
 .vfp11_veneer  0x00401488        0x0 linker stubs

.v4_bx          0x00401488        0x0
 .v4_bx         0x00401488        0x0 linker stubs

.iplt           0x00401488        0x0
 .iplt          0x00401488        0x0 c:/program files (x86)/atmel/studio/7.0/toolchain/arm/arm-gnu-toolchain/bin/../lib/gcc/arm-none-eabi/6.3.1/thumb/v7e-m/crtbegin.o

.ARM.exidx      0x00401488        0x8
 *(.ARM.exidx* .gnu.linkonce.armexidx.*)
 .ARM.exidx     0x00401488        0x8 c:/program files (x86)/atmel/studio/7.0/toolchain/arm/arm-gnu-toolchain/bin/../lib/gcc/arm-none-eabi/6.3.1/thumb/v7e-m\libgcc.a(_udivmoddi4.o)
                [!provide]                PROVIDE (__exidx_end, .)

.eh_frame       0x00401490        0x0
 .eh_frame      0x00401490        0x0 c:/program files (x86)/atmel/studio/7.0/toolchain/arm/arm-gnu-toolchain/bin/../lib/gcc/arm-none-eabi/6.3.1/thumb/v7e-m/crtbegin.o

.rel.dyn        0x00401490        0x0
 .rel.iplt      0x00401490        0x0 c:/program files (x86)/atmel/studio/7.0/toolchain/arm/arm-gnu-toolchain/bin/../lib/gcc/arm-none-eabi/6.3.1/thumb/v7e-m/crtbegin.o

.jcr            0x00401490        0x0
 .jcr           0x00401490        0x0 c:/program files (x86)/atmel/studio/7.0/toolchain/arm/arm-gnu-toolchain/bin/../lib/gcc/arm-none-eabi/6.3.1/thumb/v7e-m/crtbegin.o

.igot.plt       0x00401490        0x0
 .igot.plt      0x00401490        0x0 c:/program files (x86)/atmel/studio/7.0/toolchain/arm/arm-gnu-toolchain/bin/../lib/gcc/arm-none-eabi/6.3.1/thumb/v7e-m/crtbegin.o
                0x00401490                . = ALIGN (0x4)
                0x00401490                _etext = .

.relocate       0x20400000     0x1d74 load address 0x00401490
                0x20400000                . = ALIGN (0x4)
                0x20400000                _srelocate = .
 *(.ramfunc .ramfunc.*)
 .ramfunc       0x20400000        0xa src/ASF/common/services/delay/sam/cycle_counter.o
                0x20400000                portable_delay_cycles
 *(.data .data.*)
 .data.g_interrupt_enabled
                0x2040000a        0x1 src/ASF/common/utils/interrupt/interrupt_sam_nvic.o
                0x2040000a                g_interrupt_enabled
 *fill*         0x2040000b        0x1 
 .data.SystemCoreClock
                0x2040000c        0x4 src/ASF/sam/utils/cmsis/same70/source/templates/system_same70.o
                0x2040000c                SystemCoreClock
 .data.cheia_de_manias
                0x20400010      0x96c src/main.o
                0x20400010                cheia_de_manias
 .data.imperial_march
                0x2040097c      0x96c src/main.o
                0x2040097c                imperial_march
 .data.oleds    0x204012e8        0xc src/main.o
                0x204012e8                oleds
 .data.oleds_mask
                0x204012f4        0xc src/main.o
                0x204012f4                oleds_mask
 .data.pirates_of_the_caribbean
                0x20401300      0x648 src/main.o
                0x20401300                pirates_of_the_caribbean
 .data.impure_data
                0x20401948      0x428 c:/program files (x86)/atmel/studio/7.0/toolchain/arm/arm-gnu-toolchain/bin/../lib/gcc/arm-none-eabi/6.3.1/../../../../arm-none-eabi/lib/thumb/v7e-m\libc.a(lib_a-impure.o)
 .data.__atexit_recursive_mutex
                0x20401d70        0x4 c:/program files (x86)/atmel/studio/7.0/toolchain/arm/arm-gnu-toolchain/bin/../lib/gcc/arm-none-eabi/6.3.1/../../../../arm-none-eabi/lib/thumb/v7e-m\libc.a(lib_a-__call_atexit.o)
                0x20401d70                __atexit_recursive_mutex
                0x20401d74                . = ALIGN (0x4)
                0x20401d74                _erelocate = .

.bss            0x20401d74       0xbc load address 0x00403204
                0x20401d74                . = ALIGN (0x4)
                0x20401d74                _sbss = .
                0x20401d74                _szero = .
 *(.bss .bss.*)
 .bss           0x20401d74       0x1c c:/program files (x86)/atmel/studio/7.0/toolchain/arm/arm-gnu-toolchain/bin/../lib/gcc/arm-none-eabi/6.3.1/thumb/v7e-m/crtbegin.o
 .bss.gs_interrupt_sources
                0x20401d90       0x70 src/ASF/sam/drivers/pio/pio_handler.o
 .bss.gs_ul_nb_sources
                0x20401e00        0x4 src/ASF/sam/drivers/pio/pio_handler.o
 *(COMMON)
 COMMON         0x20401e04        0x6 src/main.o
                0x20401e04                song_id
                0x20401e08                pause_flag
                0x20401e09                play_flag
 *fill*         0x20401e0a        0x2 
 COMMON         0x20401e0c       0x21 c:/program files (x86)/atmel/studio/7.0/toolchain/arm/arm-gnu-toolchain/bin/../lib/gcc/arm-none-eabi/6.3.1/../../../../arm-none-eabi/lib/thumb/v7e-m\libc.a(lib_a-lock.o)
                0x20401e0c                __lock___atexit_recursive_mutex
                0x20401e10                __lock___arc4random_mutex
                0x20401e14                __lock___env_recursive_mutex
                0x20401e18                __lock___sinit_recursive_mutex
                0x20401e1c                __lock___malloc_recursive_mutex
                0x20401e20                __lock___at_quick_exit_mutex
                0x20401e24                __lock___dd_hash_mutex
                0x20401e28                __lock___tz_mutex
                0x20401e2c                __lock___sfp_recursive_mutex
                0x20401e30                . = ALIGN (0x4)
 *fill*         0x20401e2d        0x3 
                0x20401e30                _ebss = .
                0x20401e30                _ezero = .

.stack          0x20401e30     0x2000 load address 0x004032c0
                0x20401e30                . = ALIGN (0x8)
                0x20401e30                _sstack = .
                0x20403e30                . = (. + STACK_SIZE)
 *fill*         0x20401e30     0x2000 
                0x20403e30                . = ALIGN (0x8)
                0x20403e30                _estack = .

.heap           0x20403e30      0x200 load address 0x004052c0
                0x20403e30                . = ALIGN (0x8)
                0x20403e30                _sheap = .
                0x20404030                . = (. + HEAP_SIZE)
 *fill*         0x20403e30      0x200 
                0x20404030                . = ALIGN (0x8)
                0x20404030                _eheap = .
                0x20404030                . = ALIGN (0x4)
                0x20404030                _end = .
                0x2045ffff                _ram_end_ = ((ORIGIN (ram) + LENGTH (ram)) - 0x1)
OUTPUT(GccBoardProject2.elf elf32-littlearm)

.ARM.attributes
                0x00000000       0x2e
 .ARM.attributes
                0x00000000       0x1e c:/program files (x86)/atmel/studio/7.0/toolchain/arm/arm-gnu-toolchain/bin/../lib/gcc/arm-none-eabi/6.3.1/thumb/v7e-m/crti.o
 .ARM.attributes
                0x0000001e       0x2e c:/program files (x86)/atmel/studio/7.0/toolchain/arm/arm-gnu-toolchain/bin/../lib/gcc/arm-none-eabi/6.3.1/thumb/v7e-m/crtbegin.o
 .ARM.attributes
                0x0000004c       0x37 src/ASF/common/services/delay/sam/cycle_counter.o
 .ARM.attributes
                0x00000083       0x37 src/functions.o
 .ARM.attributes
                0x000000ba       0x37 src/ASF/common/services/clock/same70/sysclk.o
 .ARM.attributes
                0x000000f1       0x37 src/ASF/common/utils/interrupt/interrupt_sam_nvic.o
 .ARM.attributes
                0x00000128       0x37 src/ASF/sam/drivers/pio/pio.o
 .ARM.attributes
                0x0000015f       0x37 src/ASF/sam/drivers/pio/pio_handler.o
 .ARM.attributes
                0x00000196       0x37 src/ASF/sam/drivers/pmc/pmc.o
 .ARM.attributes
                0x000001cd       0x37 src/ASF/sam/utils/cmsis/same70/source/templates/gcc/startup_same70.o
 .ARM.attributes
                0x00000204       0x37 src/ASF/sam/utils/cmsis/same70/source/templates/system_same70.o
 .ARM.attributes
                0x0000023b       0x37 src/main.o
 .ARM.attributes
                0x00000272       0x1e c:/program files (x86)/atmel/studio/7.0/toolchain/arm/arm-gnu-toolchain/bin/../lib/gcc/arm-none-eabi/6.3.1/thumb/v7e-m\libgcc.a(_aeabi_uldivmod.o)
 .ARM.attributes
                0x00000290       0x2e c:/program files (x86)/atmel/studio/7.0/toolchain/arm/arm-gnu-toolchain/bin/../lib/gcc/arm-none-eabi/6.3.1/thumb/v7e-m\libgcc.a(_udivmoddi4.o)
 .ARM.attributes
                0x000002be       0x1e c:/program files (x86)/atmel/studio/7.0/toolchain/arm/arm-gnu-toolchain/bin/../lib/gcc/arm-none-eabi/6.3.1/thumb/v7e-m\libgcc.a(_dvmd_tls.o)
 .ARM.attributes
                0x000002dc       0x2e c:/program files (x86)/atmel/studio/7.0/toolchain/arm/arm-gnu-toolchain/bin/../lib/gcc/arm-none-eabi/6.3.1/../../../../arm-none-eabi/lib/thumb/v7e-m\libc.a(lib_a-impure.o)
 .ARM.attributes
                0x0000030a       0x2e c:/program files (x86)/atmel/studio/7.0/toolchain/arm/arm-gnu-toolchain/bin/../lib/gcc/arm-none-eabi/6.3.1/../../../../arm-none-eabi/lib/thumb/v7e-m\libc.a(lib_a-init.o)
 .ARM.attributes
                0x00000338       0x1c c:/program files (x86)/atmel/studio/7.0/toolchain/arm/arm-gnu-toolchain/bin/../lib/gcc/arm-none-eabi/6.3.1/../../../../arm-none-eabi/lib/thumb/v7e-m\libc.a(lib_a-memcpy.o)
 .ARM.attributes
                0x00000354       0x2e c:/program files (x86)/atmel/studio/7.0/toolchain/arm/arm-gnu-toolchain/bin/../lib/gcc/arm-none-eabi/6.3.1/../../../../arm-none-eabi/lib/thumb/v7e-m\libc.a(lib_a-__call_atexit.o)
 .ARM.attributes
                0x00000382       0x2e c:/program files (x86)/atmel/studio/7.0/toolchain/arm/arm-gnu-toolchain/bin/../lib/gcc/arm-none-eabi/6.3.1/../../../../arm-none-eabi/lib/thumb/v7e-m\libc.a(lib_a-atexit.o)
 .ARM.attributes
                0x000003b0       0x2e c:/program files (x86)/atmel/studio/7.0/toolchain/arm/arm-gnu-toolchain/bin/../lib/gcc/arm-none-eabi/6.3.1/../../../../arm-none-eabi/lib/thumb/v7e-m\libc.a(lib_a-fini.o)
 .ARM.attributes
                0x000003de       0x2e c:/program files (x86)/atmel/studio/7.0/toolchain/arm/arm-gnu-toolchain/bin/../lib/gcc/arm-none-eabi/6.3.1/../../../../arm-none-eabi/lib/thumb/v7e-m\libc.a(lib_a-lock.o)
 .ARM.attributes
                0x0000040c       0x2e c:/program files (x86)/atmel/studio/7.0/toolchain/arm/arm-gnu-toolchain/bin/../lib/gcc/arm-none-eabi/6.3.1/../../../../arm-none-eabi/lib/thumb/v7e-m\libc.a(lib_a-__atexit.o)
 .ARM.attributes
                0x0000043a       0x1e c:/program files (x86)/atmel/studio/7.0/toolchain/arm/arm-gnu-toolchain/bin/../lib/gcc/arm-none-eabi/6.3.1/thumb/v7e-m/crtn.o

.comment        0x00000000       0x59
 .comment       0x00000000       0x59 src/ASF/common/services/delay/sam/cycle_counter.o
                                 0x5a (size before relaxing)
 .comment       0x00000059       0x5a src/functions.o
 .comment       0x00000059       0x5a src/ASF/common/services/clock/same70/sysclk.o
 .comment       0x00000059       0x5a src/ASF/common/utils/interrupt/interrupt_sam_nvic.o
 .comment       0x00000059       0x5a src/ASF/sam/drivers/pio/pio.o
 .comment       0x00000059       0x5a src/ASF/sam/drivers/pio/pio_handler.o
 .comment       0x00000059       0x5a src/ASF/sam/drivers/pmc/pmc.o
 .comment       0x00000059       0x5a src/ASF/sam/utils/cmsis/same70/source/templates/gcc/startup_same70.o
 .comment       0x00000059       0x5a src/ASF/sam/utils/cmsis/same70/source/templates/system_same70.o
 .comment       0x00000059       0x5a src/main.o

.debug_info     0x00000000     0xd045
 .debug_info    0x00000000      0xa45 src/ASF/common/services/delay/sam/cycle_counter.o
 .debug_info    0x00000a45     0x1450 src/functions.o
 .debug_info    0x00001e95     0x12a4 src/ASF/common/services/clock/same70/sysclk.o
 .debug_info    0x00003139      0xaff src/ASF/common/utils/interrupt/interrupt_sam_nvic.o
 .debug_info    0x00003c38     0x2174 src/ASF/sam/drivers/pio/pio.o
 .debug_info    0x00005dac     0x1bb2 src/ASF/sam/drivers/pio/pio_handler.o
 .debug_info    0x0000795e     0x1f1c src/ASF/sam/drivers/pmc/pmc.o
 .debug_info    0x0000987a     0x15fe src/ASF/sam/utils/cmsis/same70/source/templates/gcc/startup_same70.o
 .debug_info    0x0000ae78      0x5d0 src/ASF/sam/utils/cmsis/same70/source/templates/system_same70.o
 .debug_info    0x0000b448     0x1bfd src/main.o

.debug_abbrev   0x00000000     0x1b95
 .debug_abbrev  0x00000000      0x1b3 src/ASF/common/services/delay/sam/cycle_counter.o
 .debug_abbrev  0x000001b3      0x2e0 src/functions.o
 .debug_abbrev  0x00000493      0x31f src/ASF/common/services/clock/same70/sysclk.o
 .debug_abbrev  0x000007b2      0x221 src/ASF/common/utils/interrupt/interrupt_sam_nvic.o
 .debug_abbrev  0x000009d3      0x410 src/ASF/sam/drivers/pio/pio.o
 .debug_abbrev  0x00000de3      0x34d src/ASF/sam/drivers/pio/pio_handler.o
 .debug_abbrev  0x00001130      0x398 src/ASF/sam/drivers/pmc/pmc.o
 .debug_abbrev  0x000014c8      0x2f3 src/ASF/sam/utils/cmsis/same70/source/templates/gcc/startup_same70.o
 .debug_abbrev  0x000017bb      0x102 src/ASF/sam/utils/cmsis/same70/source/templates/system_same70.o
 .debug_abbrev  0x000018bd      0x2d8 src/main.o

.debug_aranges  0x00000000      0x5d8
 .debug_aranges
                0x00000000       0x20 src/ASF/common/services/delay/sam/cycle_counter.o
 .debug_aranges
                0x00000020       0x40 src/functions.o
 .debug_aranges
                0x00000060       0x40 src/ASF/common/services/clock/same70/sysclk.o
 .debug_aranges
                0x000000a0       0x28 src/ASF/common/utils/interrupt/interrupt_sam_nvic.o
 .debug_aranges
                0x000000c8      0x1a8 src/ASF/sam/drivers/pio/pio.o
 .debug_aranges
                0x00000270       0x60 src/ASF/sam/drivers/pio/pio_handler.o
 .debug_aranges
                0x000002d0      0x270 src/ASF/sam/drivers/pmc/pmc.o
 .debug_aranges
                0x00000540       0x28 src/ASF/sam/utils/cmsis/same70/source/templates/gcc/startup_same70.o
 .debug_aranges
                0x00000568       0x30 src/ASF/sam/utils/cmsis/same70/source/templates/system_same70.o
 .debug_aranges
                0x00000598       0x40 src/main.o

.debug_ranges   0x00000000      0x670
 .debug_ranges  0x00000000       0x10 src/ASF/common/services/delay/sam/cycle_counter.o
 .debug_ranges  0x00000010       0x48 src/functions.o
 .debug_ranges  0x00000058       0x30 src/ASF/common/services/clock/same70/sysclk.o
 .debug_ranges  0x00000088       0x18 src/ASF/common/utils/interrupt/interrupt_sam_nvic.o
 .debug_ranges  0x000000a0      0x2a0 src/ASF/sam/drivers/pio/pio.o
 .debug_ranges  0x00000340       0x68 src/ASF/sam/drivers/pio/pio_handler.o
 .debug_ranges  0x000003a8      0x260 src/ASF/sam/drivers/pmc/pmc.o
 .debug_ranges  0x00000608       0x18 src/ASF/sam/utils/cmsis/same70/source/templates/gcc/startup_same70.o
 .debug_ranges  0x00000620       0x20 src/ASF/sam/utils/cmsis/same70/source/templates/system_same70.o
 .debug_ranges  0x00000640       0x30 src/main.o

.debug_macro    0x00000000    0x1e693
 .debug_macro   0x00000000      0x69b src/ASF/common/services/delay/sam/cycle_counter.o
 .debug_macro   0x0000069b      0x8ce src/ASF/common/services/delay/sam/cycle_counter.o
 .debug_macro   0x00000f69      0x16d src/ASF/common/services/delay/sam/cycle_counter.o
 .debug_macro   0x000010d6      0x708 src/ASF/common/services/delay/sam/cycle_counter.o
 .debug_macro   0x000017de       0x76 src/ASF/common/services/delay/sam/cycle_counter.o
 .debug_macro   0x00001854       0x16 src/ASF/common/services/delay/sam/cycle_counter.o
 .debug_macro   0x0000186a      0x6da src/ASF/common/services/delay/sam/cycle_counter.o
 .debug_macro   0x00001f44       0x22 src/ASF/common/services/delay/sam/cycle_counter.o
 .debug_macro   0x00001f66       0x87 src/ASF/common/services/delay/sam/cycle_counter.o
 .debug_macro   0x00001fed       0x51 src/ASF/common/services/delay/sam/cycle_counter.o
 .debug_macro   0x0000203e       0xef src/ASF/common/services/delay/sam/cycle_counter.o
 .debug_macro   0x0000212d       0x6a src/ASF/common/services/delay/sam/cycle_counter.o
 .debug_macro   0x00002197      0x1df src/ASF/common/services/delay/sam/cycle_counter.o
 .debug_macro   0x00002376       0x51 src/ASF/common/services/delay/sam/cycle_counter.o
 .debug_macro   0x000023c7       0x1c src/ASF/common/services/delay/sam/cycle_counter.o
 .debug_macro   0x000023e3       0x22 src/ASF/common/services/delay/sam/cycle_counter.o
 .debug_macro   0x00002405       0xdf src/ASF/common/services/delay/sam/cycle_counter.o
 .debug_macro   0x000024e4     0x12cd src/ASF/common/services/delay/sam/cycle_counter.o
 .debug_macro   0x000037b1      0x11f src/ASF/common/services/delay/sam/cycle_counter.o
 .debug_macro   0x000038d0       0x19 src/ASF/common/services/delay/sam/cycle_counter.o
 .debug_macro   0x000038e9      0x191 src/ASF/common/services/delay/sam/cycle_counter.o
 .debug_macro   0x00003a7a      0x2ee src/ASF/common/services/delay/sam/cycle_counter.o
 .debug_macro   0x00003d68      0xa23 src/ASF/common/services/delay/sam/cycle_counter.o
 .debug_macro   0x0000478b      0x1b4 src/ASF/common/services/delay/sam/cycle_counter.o
 .debug_macro   0x0000493f      0x35f src/ASF/common/services/delay/sam/cycle_counter.o
 .debug_macro   0x00004c9e      0x15a src/ASF/common/services/delay/sam/cycle_counter.o
 .debug_macro   0x00004df8     0x18b3 src/ASF/common/services/delay/sam/cycle_counter.o
 .debug_macro   0x000066ab       0x1c src/ASF/common/services/delay/sam/cycle_counter.o
 .debug_macro   0x000066c7      0x6a2 src/ASF/common/services/delay/sam/cycle_counter.o
 .debug_macro   0x00006d69      0x27f src/ASF/common/services/delay/sam/cycle_counter.o
 .debug_macro   0x00006fe8      0x3ba src/ASF/common/services/delay/sam/cycle_counter.o
 .debug_macro   0x000073a2      0x4f0 src/ASF/common/services/delay/sam/cycle_counter.o
 .debug_macro   0x00007892      0x5cb src/ASF/common/services/delay/sam/cycle_counter.o
 .debug_macro   0x00007e5d     0x1527 src/ASF/common/services/delay/sam/cycle_counter.o
 .debug_macro   0x00009384     0x2a40 src/ASF/common/services/delay/sam/cycle_counter.o
 .debug_macro   0x0000bdc4     0x113e src/ASF/common/services/delay/sam/cycle_counter.o
 .debug_macro   0x0000cf02      0xcdb src/ASF/common/services/delay/sam/cycle_counter.o
 .debug_macro   0x0000dbdd      0x3c6 src/ASF/common/services/delay/sam/cycle_counter.o
 .debug_macro   0x0000dfa3       0xa0 src/ASF/common/services/delay/sam/cycle_counter.o
 .debug_macro   0x0000e043       0x76 src/ASF/common/services/delay/sam/cycle_counter.o
 .debug_macro   0x0000e0b9      0x442 src/ASF/common/services/delay/sam/cycle_counter.o
 .debug_macro   0x0000e4fb       0x64 src/ASF/common/services/delay/sam/cycle_counter.o
 .debug_macro   0x0000e55f      0x299 src/ASF/common/services/delay/sam/cycle_counter.o
 .debug_macro   0x0000e7f8      0x201 src/ASF/common/services/delay/sam/cycle_counter.o
 .debug_macro   0x0000e9f9      0x280 src/ASF/common/services/delay/sam/cycle_counter.o
 .debug_macro   0x0000ec79      0x539 src/ASF/common/services/delay/sam/cycle_counter.o
 .debug_macro   0x0000f1b2      0x64f src/ASF/common/services/delay/sam/cycle_counter.o
 .debug_macro   0x0000f801      0x6cc src/ASF/common/services/delay/sam/cycle_counter.o
 .debug_macro   0x0000fecd       0x64 src/ASF/common/services/delay/sam/cycle_counter.o
 .debug_macro   0x0000ff31      0x4c4 src/ASF/common/services/delay/sam/cycle_counter.o
 .debug_macro   0x000103f5      0x237 src/ASF/common/services/delay/sam/cycle_counter.o
 .debug_macro   0x0001062c      0xa06 src/ASF/common/services/delay/sam/cycle_counter.o
 .debug_macro   0x00011032     0x14ec src/ASF/common/services/delay/sam/cycle_counter.o
 .debug_macro   0x0001251e       0x40 src/ASF/common/services/delay/sam/cycle_counter.o
 .debug_macro   0x0001255e       0x76 src/ASF/common/services/delay/sam/cycle_counter.o
 .debug_macro   0x000125d4      0xdd1 src/ASF/common/services/delay/sam/cycle_counter.o
 .debug_macro   0x000133a5       0x88 src/ASF/common/services/delay/sam/cycle_counter.o
 .debug_macro   0x0001342d       0x7c src/ASF/common/services/delay/sam/cycle_counter.o
 .debug_macro   0x000134a9       0x52 src/ASF/common/services/delay/sam/cycle_counter.o
 .debug_macro   0x000134fb      0x133 src/ASF/common/services/delay/sam/cycle_counter.o
 .debug_macro   0x0001362e      0x133 src/ASF/common/services/delay/sam/cycle_counter.o
 .debug_macro   0x00013761      0x133 src/ASF/common/services/delay/sam/cycle_counter.o
 .debug_macro   0x00013894       0x76 src/ASF/common/services/delay/sam/cycle_counter.o
 .debug_macro   0x0001390a       0x76 src/ASF/common/services/delay/sam/cycle_counter.o
 .debug_macro   0x00013980      0x2fe src/ASF/common/services/delay/sam/cycle_counter.o
 .debug_macro   0x00013c7e       0xca src/ASF/common/services/delay/sam/cycle_counter.o
 .debug_macro   0x00013d48       0xca src/ASF/common/services/delay/sam/cycle_counter.o
 .debug_macro   0x00013e12       0xca src/ASF/common/services/delay/sam/cycle_counter.o
 .debug_macro   0x00013edc      0x13b src/ASF/common/services/delay/sam/cycle_counter.o
 .debug_macro   0x00014017      0x13b src/ASF/common/services/delay/sam/cycle_counter.o
 .debug_macro   0x00014152      0x2cd src/ASF/common/services/delay/sam/cycle_counter.o
 .debug_macro   0x0001441f       0xbe src/ASF/common/services/delay/sam/cycle_counter.o
 .debug_macro   0x000144dd       0x64 src/ASF/common/services/delay/sam/cycle_counter.o
 .debug_macro   0x00014541       0x46 src/ASF/common/services/delay/sam/cycle_counter.o
 .debug_macro   0x00014587       0x64 src/ASF/common/services/delay/sam/cycle_counter.o
 .debug_macro   0x000145eb       0xa6 src/ASF/common/services/delay/sam/cycle_counter.o
 .debug_macro   0x00014691      0x4b7 src/ASF/common/services/delay/sam/cycle_counter.o
 .debug_macro   0x00014b48      0x133 src/ASF/common/services/delay/sam/cycle_counter.o
 .debug_macro   0x00014c7b       0x52 src/ASF/common/services/delay/sam/cycle_counter.o
 .debug_macro   0x00014ccd      0x2fe src/ASF/common/services/delay/sam/cycle_counter.o
 .debug_macro   0x00014fcb       0x76 src/ASF/common/services/delay/sam/cycle_counter.o
 .debug_macro   0x00015041       0xbe src/ASF/common/services/delay/sam/cycle_counter.o
 .debug_macro   0x000150ff       0x70 src/ASF/common/services/delay/sam/cycle_counter.o
 .debug_macro   0x0001516f       0x34 src/ASF/common/services/delay/sam/cycle_counter.o
 .debug_macro   0x000151a3      0x9b8 src/ASF/common/services/delay/sam/cycle_counter.o
 .debug_macro   0x00015b5b       0x70 src/ASF/common/services/delay/sam/cycle_counter.o
 .debug_macro   0x00015bcb       0x8e src/ASF/common/services/delay/sam/cycle_counter.o
 .debug_macro   0x00015c59       0x5e src/ASF/common/services/delay/sam/cycle_counter.o
 .debug_macro   0x00015cb7       0xfa src/ASF/common/services/delay/sam/cycle_counter.o
 .debug_macro   0x00015db1       0x4c src/ASF/common/services/delay/sam/cycle_counter.o
 .debug_macro   0x00015dfd       0x4c src/ASF/common/services/delay/sam/cycle_counter.o
 .debug_macro   0x00015e49       0x16 src/ASF/common/services/delay/sam/cycle_counter.o
 .debug_macro   0x00015e5f       0xfa src/ASF/common/services/delay/sam/cycle_counter.o
 .debug_macro   0x00015f59       0x52 src/ASF/common/services/delay/sam/cycle_counter.o
 .debug_macro   0x00015fab       0x16 src/ASF/common/services/delay/sam/cycle_counter.o
 .debug_macro   0x00015fc1       0x52 src/ASF/common/services/delay/sam/cycle_counter.o
 .debug_macro   0x00016013       0x2e src/ASF/common/services/delay/sam/cycle_counter.o
 .debug_macro   0x00016041      0x1b3 src/ASF/common/services/delay/sam/cycle_counter.o
 .debug_macro   0x000161f4      0x1b3 src/ASF/common/services/delay/sam/cycle_counter.o
 .debug_macro   0x000163a7      0x1b3 src/ASF/common/services/delay/sam/cycle_counter.o
 .debug_macro   0x0001655a      0x1b3 src/ASF/common/services/delay/sam/cycle_counter.o
 .debug_macro   0x0001670d      0x1b3 src/ASF/common/services/delay/sam/cycle_counter.o
 .debug_macro   0x000168c0       0x1c src/ASF/common/services/delay/sam/cycle_counter.o
 .debug_macro   0x000168dc       0x34 src/ASF/common/services/delay/sam/cycle_counter.o
 .debug_macro   0x00016910       0x22 src/ASF/common/services/delay/sam/cycle_counter.o
 .debug_macro   0x00016932       0x1c src/ASF/common/services/delay/sam/cycle_counter.o
 .debug_macro   0x0001694e       0x5e src/ASF/common/services/delay/sam/cycle_counter.o
 .debug_macro   0x000169ac       0x10 src/ASF/common/services/delay/sam/cycle_counter.o
 .debug_macro   0x000169bc       0x1c src/ASF/common/services/delay/sam/cycle_counter.o
 .debug_macro   0x000169d8       0x52 src/ASF/common/services/delay/sam/cycle_counter.o
 .debug_macro   0x00016a2a       0x52 src/ASF/common/services/delay/sam/cycle_counter.o
 .debug_macro   0x00016a7c       0x52 src/ASF/common/services/delay/sam/cycle_counter.o
 .debug_macro   0x00016ace      0x33e src/ASF/common/services/delay/sam/cycle_counter.o
 .debug_macro   0x00016e0c     0x10ab src/ASF/common/services/delay/sam/cycle_counter.o
 .debug_macro   0x00017eb7      0x107 src/ASF/common/services/delay/sam/cycle_counter.o
 .debug_macro   0x00017fbe       0x58 src/ASF/common/services/delay/sam/cycle_counter.o
 .debug_macro   0x00018016       0x35 src/ASF/common/services/delay/sam/cycle_counter.o
 .debug_macro   0x0001804b       0x9c src/ASF/common/services/delay/sam/cycle_counter.o
 .debug_macro   0x000180e7       0x16 src/ASF/common/services/delay/sam/cycle_counter.o
 .debug_macro   0x000180fd       0x35 src/ASF/common/services/delay/sam/cycle_counter.o
 .debug_macro   0x00018132      0x34d src/ASF/common/services/delay/sam/cycle_counter.o
 .debug_macro   0x0001847f       0x10 src/ASF/common/services/delay/sam/cycle_counter.o
 .debug_macro   0x0001848f       0x58 src/ASF/common/services/delay/sam/cycle_counter.o
 .debug_macro   0x000184e7       0x1f src/ASF/common/services/delay/sam/cycle_counter.o
 .debug_macro   0x00018506       0x43 src/ASF/common/services/delay/sam/cycle_counter.o
 .debug_macro   0x00018549       0x20 src/ASF/common/services/delay/sam/cycle_counter.o
 .debug_macro   0x00018569      0x187 src/ASF/common/services/delay/sam/cycle_counter.o
 .debug_macro   0x000186f0       0x10 src/ASF/common/services/delay/sam/cycle_counter.o
 .debug_macro   0x00018700       0x1c src/ASF/common/services/delay/sam/cycle_counter.o
 .debug_macro   0x0001871c       0x52 src/ASF/common/services/delay/sam/cycle_counter.o
 .debug_macro   0x0001876e       0x40 src/ASF/common/services/delay/sam/cycle_counter.o
 .debug_macro   0x000187ae       0x10 src/ASF/common/services/delay/sam/cycle_counter.o
 .debug_macro   0x000187be       0x40 src/ASF/common/services/delay/sam/cycle_counter.o
 .debug_macro   0x000187fe       0xd7 src/ASF/common/services/delay/sam/cycle_counter.o
 .debug_macro   0x000188d5       0x16 src/ASF/common/services/delay/sam/cycle_counter.o
 .debug_macro   0x000188eb      0x18b src/ASF/common/services/delay/sam/cycle_counter.o
 .debug_macro   0x00018a76       0x22 src/ASF/common/services/delay/sam/cycle_counter.o
 .debug_macro   0x00018a98       0x16 src/ASF/common/services/delay/sam/cycle_counter.o
 .debug_macro   0x00018aae       0x16 src/ASF/common/services/delay/sam/cycle_counter.o
 .debug_macro   0x00018ac4       0x29 src/ASF/common/services/delay/sam/cycle_counter.o
 .debug_macro   0x00018aed       0x73 src/ASF/common/services/delay/sam/cycle_counter.o
 .debug_macro   0x00018b60       0x3e src/ASF/common/services/delay/sam/cycle_counter.o
 .debug_macro   0x00018b9e      0x3ca src/ASF/common/services/delay/sam/cycle_counter.o
 .debug_macro   0x00018f68       0x22 src/ASF/common/services/delay/sam/cycle_counter.o
 .debug_macro   0x00018f8a      0x7b9 src/functions.o
 .debug_macro   0x00019743       0x3a src/functions.o
 .debug_macro   0x0001977d      0x2d8 src/functions.o
 .debug_macro   0x00019a55      0xa91 src/functions.o
 .debug_macro   0x0001a4e6       0x70 src/functions.o
 .debug_macro   0x0001a556       0x64 src/functions.o
 .debug_macro   0x0001a5ba       0x5f src/functions.o
 .debug_macro   0x0001a619       0xac src/functions.o
 .debug_macro   0x0001a6c5       0x28 src/functions.o
 .debug_macro   0x0001a6ed       0x22 src/functions.o
 .debug_macro   0x0001a70f       0x94 src/functions.o
 .debug_macro   0x0001a7a3       0x40 src/functions.o
 .debug_macro   0x0001a7e3       0x88 src/functions.o
 .debug_macro   0x0001a86b      0x1cf src/functions.o
 .debug_macro   0x0001aa3a       0x34 src/functions.o
 .debug_macro   0x0001aa6e       0x16 src/functions.o
 .debug_macro   0x0001aa84       0x1c src/functions.o
 .debug_macro   0x0001aaa0       0xc4 src/functions.o
 .debug_macro   0x0001ab64      0x706 src/ASF/common/services/clock/same70/sysclk.o
 .debug_macro   0x0001b26a      0x2d2 src/ASF/common/services/clock/same70/sysclk.o
 .debug_macro   0x0001b53c      0x68a src/ASF/common/utils/interrupt/interrupt_sam_nvic.o
 .debug_macro   0x0001bbc6      0x6a1 src/ASF/sam/drivers/pio/pio.o
 .debug_macro   0x0001c267       0x8e src/ASF/sam/drivers/pio/pio.o
 .debug_macro   0x0001c2f5      0x6ac src/ASF/sam/drivers/pio/pio_handler.o
 .debug_macro   0x0001c9a1      0x6a1 src/ASF/sam/drivers/pmc/pmc.o
 .debug_macro   0x0001d042       0x6a src/ASF/sam/drivers/pmc/pmc.o
 .debug_macro   0x0001d0ac      0x69a src/ASF/sam/utils/cmsis/same70/source/templates/gcc/startup_same70.o
 .debug_macro   0x0001d746       0x10 src/ASF/sam/utils/cmsis/same70/source/templates/gcc/startup_same70.o
 .debug_macro   0x0001d756      0x486 src/ASF/sam/utils/cmsis/same70/source/templates/system_same70.o
 .debug_macro   0x0001dbdc      0x7cd src/main.o
 .debug_macro   0x0001e3a9      0x220 src/main.o
 .debug_macro   0x0001e5c9       0xca src/main.o

.debug_line     0x00000000     0x78e8
 .debug_line    0x00000000      0xa20 src/ASF/common/services/delay/sam/cycle_counter.o
 .debug_line    0x00000a20      0xda4 src/functions.o
 .debug_line    0x000017c4      0xb82 src/ASF/common/services/clock/same70/sysclk.o
 .debug_line    0x00002346      0xa2f src/ASF/common/utils/interrupt/interrupt_sam_nvic.o
 .debug_line    0x00002d75      0xf16 src/ASF/sam/drivers/pio/pio.o
 .debug_line    0x00003c8b      0xafe src/ASF/sam/drivers/pio/pio_handler.o
 .debug_line    0x00004789     0x10da src/ASF/sam/drivers/pmc/pmc.o
 .debug_line    0x00005863      0xa9f src/ASF/sam/utils/cmsis/same70/source/templates/gcc/startup_same70.o
 .debug_line    0x00006302      0x81b src/ASF/sam/utils/cmsis/same70/source/templates/system_same70.o
 .debug_line    0x00006b1d      0xdcb src/main.o

.debug_str      0x00000000    0x925a0
 .debug_str     0x00000000    0x89eb6 src/ASF/common/services/delay/sam/cycle_counter.o
                              0x8a589 (size before relaxing)
 .debug_str     0x00089eb6     0x61d7 src/functions.o
                              0x907a5 (size before relaxing)
 .debug_str     0x0009008d      0x425 src/ASF/common/services/clock/same70/sysclk.o
                              0x8eb2f (size before relaxing)
 .debug_str     0x000904b2       0x94 src/ASF/common/utils/interrupt/interrupt_sam_nvic.o
                              0x8a459 (size before relaxing)
 .debug_str     0x00090546      0x558 src/ASF/sam/drivers/pio/pio.o
                              0x8afbb (size before relaxing)
 .debug_str     0x00090a9e      0x5f2 src/ASF/sam/drivers/pio/pio_handler.o
                              0x8b196 (size before relaxing)
 .debug_str     0x00091090      0x709 src/ASF/sam/drivers/pmc/pmc.o
                              0x8b191 (size before relaxing)
 .debug_str     0x00091799      0x718 src/ASF/sam/utils/cmsis/same70/source/templates/gcc/startup_same70.o
                              0x8acf2 (size before relaxing)
 .debug_str     0x00091eb1      0x172 src/ASF/sam/utils/cmsis/same70/source/templates/system_same70.o
                              0x79fac (size before relaxing)
 .debug_str     0x00092023      0x57d src/main.o
                              0x910b6 (size before relaxing)

.debug_frame    0x00000000      0xe70
 .debug_frame   0x00000000       0x20 src/ASF/common/services/delay/sam/cycle_counter.o
 .debug_frame   0x00000020       0xe4 src/functions.o
 .debug_frame   0x00000104       0x88 src/ASF/common/services/clock/same70/sysclk.o
 .debug_frame   0x0000018c       0x30 src/ASF/common/utils/interrupt/interrupt_sam_nvic.o
 .debug_frame   0x000001bc      0x390 src/ASF/sam/drivers/pio/pio.o
 .debug_frame   0x0000054c      0x110 src/ASF/sam/drivers/pio/pio_handler.o
 .debug_frame   0x0000065c      0x4ec src/ASF/sam/drivers/pmc/pmc.o
 .debug_frame   0x00000b48       0x38 src/ASF/sam/utils/cmsis/same70/source/templates/gcc/startup_same70.o
 .debug_frame   0x00000b80       0x40 src/ASF/sam/utils/cmsis/same70/source/templates/system_same70.o
 .debug_frame   0x00000bc0       0x90 src/main.o
 .debug_frame   0x00000c50       0x2c c:/program files (x86)/atmel/studio/7.0/toolchain/arm/arm-gnu-toolchain/bin/../lib/gcc/arm-none-eabi/6.3.1/thumb/v7e-m\libgcc.a(_aeabi_uldivmod.o)
 .debug_frame   0x00000c7c       0x34 c:/program files (x86)/atmel/studio/7.0/toolchain/arm/arm-gnu-toolchain/bin/../lib/gcc/arm-none-eabi/6.3.1/thumb/v7e-m\libgcc.a(_udivmoddi4.o)
 .debug_frame   0x00000cb0       0x2c c:/program files (x86)/atmel/studio/7.0/toolchain/arm/arm-gnu-toolchain/bin/../lib/gcc/arm-none-eabi/6.3.1/../../../../arm-none-eabi/lib/thumb/v7e-m\libc.a(lib_a-init.o)
 .debug_frame   0x00000cdc       0x5c c:/program files (x86)/atmel/studio/7.0/toolchain/arm/arm-gnu-toolchain/bin/../lib/gcc/arm-none-eabi/6.3.1/../../../../arm-none-eabi/lib/thumb/v7e-m\libc.a(lib_a-__call_atexit.o)
 .debug_frame   0x00000d38       0x20 c:/program files (x86)/atmel/studio/7.0/toolchain/arm/arm-gnu-toolchain/bin/../lib/gcc/arm-none-eabi/6.3.1/../../../../arm-none-eabi/lib/thumb/v7e-m\libc.a(lib_a-atexit.o)
 .debug_frame   0x00000d58       0x34 c:/program files (x86)/atmel/studio/7.0/toolchain/arm/arm-gnu-toolchain/bin/../lib/gcc/arm-none-eabi/6.3.1/../../../../arm-none-eabi/lib/thumb/v7e-m\libc.a(lib_a-fini.o)
 .debug_frame   0x00000d8c       0xb0 c:/program files (x86)/atmel/studio/7.0/toolchain/arm/arm-gnu-toolchain/bin/../lib/gcc/arm-none-eabi/6.3.1/../../../../arm-none-eabi/lib/thumb/v7e-m\libc.a(lib_a-lock.o)
 .debug_frame   0x00000e3c       0x34 c:/program files (x86)/atmel/studio/7.0/toolchain/arm/arm-gnu-toolchain/bin/../lib/gcc/arm-none-eabi/6.3.1/../../../../arm-none-eabi/lib/thumb/v7e-m\libc.a(lib_a-__atexit.o)

.debug_loc      0x00000000     0x27c1
 .debug_loc     0x00000000      0x424 src/functions.o
 .debug_loc     0x00000424      0x183 src/ASF/common/services/clock/same70/sysclk.o
 .debug_loc     0x000005a7      0xea4 src/ASF/sam/drivers/pio/pio.o
 .debug_loc     0x0000144b      0x59f src/ASF/sam/drivers/pio/pio_handler.o
 .debug_loc     0x000019ea      0xc33 src/ASF/sam/drivers/pmc/pmc.o
 .debug_loc     0x0000261d       0x77 src/ASF/sam/utils/cmsis/same70/source/templates/gcc/startup_same70.o
 .debug_loc     0x00002694      0x12d src/main.o

Cross Reference Table

Symbol                                            File
ACC_Handler                                       src/ASF/sam/utils/cmsis/same70/source/templates/gcc/startup_same70.o
AES_Handler                                       src/ASF/sam/utils/cmsis/same70/source/templates/gcc/startup_same70.o
AFEC0_Handler                                     src/ASF/sam/utils/cmsis/same70/source/templates/gcc/startup_same70.o
AFEC1_Handler                                     src/ASF/sam/utils/cmsis/same70/source/templates/gcc/startup_same70.o
BusFault_Handler                                  src/ASF/sam/utils/cmsis/same70/source/templates/gcc/startup_same70.o
CCF_Handler                                       src/ASF/sam/utils/cmsis/same70/source/templates/gcc/startup_same70.o
CCW_Handler                                       src/ASF/sam/utils/cmsis/same70/source/templates/gcc/startup_same70.o
DACC_Handler                                      src/ASF/sam/utils/cmsis/same70/source/templates/gcc/startup_same70.o
DebugMon_Handler                                  src/ASF/sam/utils/cmsis/same70/source/templates/gcc/startup_same70.o
Dummy_Handler                                     src/ASF/sam/utils/cmsis/same70/source/templates/gcc/startup_same70.o
EFC_Handler                                       src/ASF/sam/utils/cmsis/same70/source/templates/gcc/startup_same70.o
FPU_Handler                                       src/ASF/sam/utils/cmsis/same70/source/templates/gcc/startup_same70.o
GMAC_Handler                                      src/ASF/sam/utils/cmsis/same70/source/templates/gcc/startup_same70.o
GMAC_Q1_Handler                                   src/ASF/sam/utils/cmsis/same70/source/templates/gcc/startup_same70.o
GMAC_Q2_Handler                                   src/ASF/sam/utils/cmsis/same70/source/templates/gcc/startup_same70.o
GMAC_Q3_Handler                                   src/ASF/sam/utils/cmsis/same70/source/templates/gcc/startup_same70.o
GMAC_Q4_Handler                                   src/ASF/sam/utils/cmsis/same70/source/templates/gcc/startup_same70.o
GMAC_Q5_Handler                                   src/ASF/sam/utils/cmsis/same70/source/templates/gcc/startup_same70.o
HSMCI_Handler                                     src/ASF/sam/utils/cmsis/same70/source/templates/gcc/startup_same70.o
HardFault_Handler                                 src/ASF/sam/utils/cmsis/same70/source/templates/gcc/startup_same70.o
I2SC0_Handler                                     src/ASF/sam/utils/cmsis/same70/source/templates/gcc/startup_same70.o
I2SC1_Handler                                     src/ASF/sam/utils/cmsis/same70/source/templates/gcc/startup_same70.o
ICM_Handler                                       src/ASF/sam/utils/cmsis/same70/source/templates/gcc/startup_same70.o
ISI_Handler                                       src/ASF/sam/utils/cmsis/same70/source/templates/gcc/startup_same70.o
IXC_Handler                                       src/ASF/sam/utils/cmsis/same70/source/templates/gcc/startup_same70.o
MCAN0_INT0_Handler                                src/ASF/sam/utils/cmsis/same70/source/templates/gcc/startup_same70.o
MCAN0_INT1_Handler                                src/ASF/sam/utils/cmsis/same70/source/templates/gcc/startup_same70.o
MCAN1_INT0_Handler                                src/ASF/sam/utils/cmsis/same70/source/templates/gcc/startup_same70.o
MCAN1_INT1_Handler                                src/ASF/sam/utils/cmsis/same70/source/templates/gcc/startup_same70.o
MemManage_Handler                                 src/ASF/sam/utils/cmsis/same70/source/templates/gcc/startup_same70.o
NMI_Handler                                       src/ASF/sam/utils/cmsis/same70/source/templates/gcc/startup_same70.o
PIOA_Handler                                      src/ASF/sam/drivers/pio/pio_handler.o
PIOB_Handler                                      src/ASF/sam/drivers/pio/pio_handler.o
PIOC_Handler                                      src/ASF/sam/drivers/pio/pio_handler.o
PIOD_Handler                                      src/ASF/sam/drivers/pio/pio_handler.o
PIOE_Handler                                      src/ASF/sam/drivers/pio/pio_handler.o
PMC_Handler                                       src/ASF/sam/utils/cmsis/same70/source/templates/gcc/startup_same70.o
PWM0_Handler                                      src/ASF/sam/utils/cmsis/same70/source/templates/gcc/startup_same70.o
PWM1_Handler                                      src/ASF/sam/utils/cmsis/same70/source/templates/gcc/startup_same70.o
PendSV_Handler                                    src/ASF/sam/utils/cmsis/same70/source/templates/gcc/startup_same70.o
QSPI_Handler                                      src/ASF/sam/utils/cmsis/same70/source/templates/gcc/startup_same70.o
RSTC_Handler                                      src/ASF/sam/utils/cmsis/same70/source/templates/gcc/startup_same70.o
RSWDT_Handler                                     src/ASF/sam/utils/cmsis/same70/source/templates/gcc/startup_same70.o
RTC_Handler                                       src/ASF/sam/utils/cmsis/same70/source/templates/gcc/startup_same70.o
RTT_Handler                                       src/ASF/sam/utils/cmsis/same70/source/templates/gcc/startup_same70.o
Reset_Handler                                     src/ASF/sam/utils/cmsis/same70/source/templates/gcc/startup_same70.o
SDRAMC_Handler                                    src/ASF/sam/utils/cmsis/same70/source/templates/gcc/startup_same70.o
SPI0_Handler                                      src/ASF/sam/utils/cmsis/same70/source/templates/gcc/startup_same70.o
SPI1_Handler                                      src/ASF/sam/utils/cmsis/same70/source/templates/gcc/startup_same70.o
SSC_Handler                                       src/ASF/sam/utils/cmsis/same70/source/templates/gcc/startup_same70.o
SUPC_Handler                                      src/ASF/sam/utils/cmsis/same70/source/templates/gcc/startup_same70.o
SVC_Handler                                       src/ASF/sam/utils/cmsis/same70/source/templates/gcc/startup_same70.o
SysTick_Handler                                   src/ASF/sam/utils/cmsis/same70/source/templates/gcc/startup_same70.o
SystemCoreClock                                   src/ASF/sam/utils/cmsis/same70/source/templates/system_same70.o
SystemCoreClockUpdate                             src/ASF/sam/utils/cmsis/same70/source/templates/system_same70.o
                                                  src/ASF/common/services/clock/same70/sysclk.o
SystemInit                                        src/ASF/sam/utils/cmsis/same70/source/templates/system_same70.o
TC0_Handler                                       src/ASF/sam/utils/cmsis/same70/source/templates/gcc/startup_same70.o
TC10_Handler                                      src/ASF/sam/utils/cmsis/same70/source/templates/gcc/startup_same70.o
TC11_Handler                                      src/ASF/sam/utils/cmsis/same70/source/templates/gcc/startup_same70.o
TC1_Handler                                       src/ASF/sam/utils/cmsis/same70/source/templates/gcc/startup_same70.o
TC2_Handler                                       src/ASF/sam/utils/cmsis/same70/source/templates/gcc/startup_same70.o
TC3_Handler                                       src/ASF/sam/utils/cmsis/same70/source/templates/gcc/startup_same70.o
TC4_Handler                                       src/ASF/sam/utils/cmsis/same70/source/templates/gcc/startup_same70.o
TC5_Handler                                       src/ASF/sam/utils/cmsis/same70/source/templates/gcc/startup_same70.o
TC6_Handler                                       src/ASF/sam/utils/cmsis/same70/source/templates/gcc/startup_same70.o
TC7_Handler                                       src/ASF/sam/utils/cmsis/same70/source/templates/gcc/startup_same70.o
TC8_Handler                                       src/ASF/sam/utils/cmsis/same70/source/templates/gcc/startup_same70.o
TC9_Handler                                       src/ASF/sam/utils/cmsis/same70/source/templates/gcc/startup_same70.o
TRNG_Handler                                      src/ASF/sam/utils/cmsis/same70/source/templates/gcc/startup_same70.o
TWIHS0_Handler                                    src/ASF/sam/utils/cmsis/same70/source/templates/gcc/startup_same70.o
TWIHS1_Handler                                    src/ASF/sam/utils/cmsis/same70/source/templates/gcc/startup_same70.o
TWIHS2_Handler                                    src/ASF/sam/utils/cmsis/same70/source/templates/gcc/startup_same70.o
UART0_Handler                                     src/ASF/sam/utils/cmsis/same70/source/templates/gcc/startup_same70.o
UART1_Handler                                     src/ASF/sam/utils/cmsis/same70/source/templates/gcc/startup_same70.o
UART2_Handler                                     src/ASF/sam/utils/cmsis/same70/source/templates/gcc/startup_same70.o
UART3_Handler                                     src/ASF/sam/utils/cmsis/same70/source/templates/gcc/startup_same70.o
UART4_Handler                                     src/ASF/sam/utils/cmsis/same70/source/templates/gcc/startup_same70.o
USART0_Handler                                    src/ASF/sam/utils/cmsis/same70/source/templates/gcc/startup_same70.o
USART1_Handler                                    src/ASF/sam/utils/cmsis/same70/source/templates/gcc/startup_same70.o
USART2_Handler                                    src/ASF/sam/utils/cmsis/same70/source/templates/gcc/startup_same70.o
USBHS_Handler                                     src/ASF/sam/utils/cmsis/same70/source/templates/gcc/startup_same70.o
UsageFault_Handler                                src/ASF/sam/utils/cmsis/same70/source/templates/gcc/startup_same70.o
WDT_Handler                                       src/ASF/sam/utils/cmsis/same70/source/templates/gcc/startup_same70.o
XDMAC_Handler                                     src/ASF/sam/utils/cmsis/same70/source/templates/gcc/startup_same70.o
_Jv_RegisterClasses                               c:/program files (x86)/atmel/studio/7.0/toolchain/arm/arm-gnu-toolchain/bin/../lib/gcc/arm-none-eabi/6.3.1/thumb/v7e-m/crtbegin.o
__aeabi_idiv0                                     c:/program files (x86)/atmel/studio/7.0/toolchain/arm/arm-gnu-toolchain/bin/../lib/gcc/arm-none-eabi/6.3.1/thumb/v7e-m\libgcc.a(_dvmd_tls.o)
__aeabi_ldiv0                                     c:/program files (x86)/atmel/studio/7.0/toolchain/arm/arm-gnu-toolchain/bin/../lib/gcc/arm-none-eabi/6.3.1/thumb/v7e-m\libgcc.a(_dvmd_tls.o)
                                                  c:/program files (x86)/atmel/studio/7.0/toolchain/arm/arm-gnu-toolchain/bin/../lib/gcc/arm-none-eabi/6.3.1/thumb/v7e-m\libgcc.a(_aeabi_uldivmod.o)
__aeabi_uldivmod                                  c:/program files (x86)/atmel/studio/7.0/toolchain/arm/arm-gnu-toolchain/bin/../lib/gcc/arm-none-eabi/6.3.1/thumb/v7e-m\libgcc.a(_aeabi_uldivmod.o)
                                                  src/functions.o
__atexit_recursive_mutex                          c:/program files (x86)/atmel/studio/7.0/toolchain/arm/arm-gnu-toolchain/bin/../lib/gcc/arm-none-eabi/6.3.1/../../../../arm-none-eabi/lib/thumb/v7e-m\libc.a(lib_a-__call_atexit.o)
                                                  c:/program files (x86)/atmel/studio/7.0/toolchain/arm/arm-gnu-toolchain/bin/../lib/gcc/arm-none-eabi/6.3.1/../../../../arm-none-eabi/lib/thumb/v7e-m\libc.a(lib_a-__atexit.o)
__bss_end__                                       c:/program files (x86)/atmel/studio/7.0/toolchain/arm/arm-gnu-toolchain/bin/../lib/gcc/arm-none-eabi/6.3.1/../../../../arm-none-eabi/lib/thumb/v7e-m/crt0.o
__bss_start__                                     c:/program files (x86)/atmel/studio/7.0/toolchain/arm/arm-gnu-toolchain/bin/../lib/gcc/arm-none-eabi/6.3.1/../../../../arm-none-eabi/lib/thumb/v7e-m/crt0.o
__call_exitprocs                                  c:/program files (x86)/atmel/studio/7.0/toolchain/arm/arm-gnu-toolchain/bin/../lib/gcc/arm-none-eabi/6.3.1/../../../../arm-none-eabi/lib/thumb/v7e-m\libc.a(lib_a-__call_atexit.o)
                                                  c:/program files (x86)/atmel/studio/7.0/toolchain/arm/arm-gnu-toolchain/bin/../lib/gcc/arm-none-eabi/6.3.1/../../../../arm-none-eabi/lib/thumb/v7e-m\libc.a(lib_a-exit.o)
__deregister_frame_info                           c:/program files (x86)/atmel/studio/7.0/toolchain/arm/arm-gnu-toolchain/bin/../lib/gcc/arm-none-eabi/6.3.1/thumb/v7e-m/crtbegin.o
__dso_handle                                      c:/program files (x86)/atmel/studio/7.0/toolchain/arm/arm-gnu-toolchain/bin/../lib/gcc/arm-none-eabi/6.3.1/thumb/v7e-m/crtbegin.o
__fini_array_end                                  c:/program files (x86)/atmel/studio/7.0/toolchain/arm/arm-gnu-toolchain/bin/../lib/gcc/arm-none-eabi/6.3.1/../../../../arm-none-eabi/lib/thumb/v7e-m\libc.a(lib_a-fini.o)
__fini_array_start                                c:/program files (x86)/atmel/studio/7.0/toolchain/arm/arm-gnu-toolchain/bin/../lib/gcc/arm-none-eabi/6.3.1/../../../../arm-none-eabi/lib/thumb/v7e-m\libc.a(lib_a-fini.o)
__init_array_end                                  c:/program files (x86)/atmel/studio/7.0/toolchain/arm/arm-gnu-toolchain/bin/../lib/gcc/arm-none-eabi/6.3.1/../../../../arm-none-eabi/lib/thumb/v7e-m\libc.a(lib_a-init.o)
__init_array_start                                c:/program files (x86)/atmel/studio/7.0/toolchain/arm/arm-gnu-toolchain/bin/../lib/gcc/arm-none-eabi/6.3.1/../../../../arm-none-eabi/lib/thumb/v7e-m\libc.a(lib_a-init.o)
__libc_fini                                       c:/program files (x86)/atmel/studio/7.0/toolchain/arm/arm-gnu-toolchain/bin/../lib/gcc/arm-none-eabi/6.3.1/../../../../arm-none-eabi/lib/thumb/v7e-m\libc.a(lib_a-__call_atexit.o)
__libc_fini_array                                 c:/program files (x86)/atmel/studio/7.0/toolchain/arm/arm-gnu-toolchain/bin/../lib/gcc/arm-none-eabi/6.3.1/../../../../arm-none-eabi/lib/thumb/v7e-m\libc.a(lib_a-fini.o)
                                                  c:/program files (x86)/atmel/studio/7.0/toolchain/arm/arm-gnu-toolchain/bin/../lib/gcc/arm-none-eabi/6.3.1/../../../../arm-none-eabi/lib/thumb/v7e-m\libc.a(lib_a-__call_atexit.o)
                                                  c:/program files (x86)/atmel/studio/7.0/toolchain/arm/arm-gnu-toolchain/bin/../lib/gcc/arm-none-eabi/6.3.1/../../../../arm-none-eabi/lib/thumb/v7e-m/crt0.o
__libc_init_array                                 c:/program files (x86)/atmel/studio/7.0/toolchain/arm/arm-gnu-toolchain/bin/../lib/gcc/arm-none-eabi/6.3.1/../../../../arm-none-eabi/lib/thumb/v7e-m\libc.a(lib_a-init.o)
                                                  src/ASF/sam/utils/cmsis/same70/source/templates/gcc/startup_same70.o
                                                  c:/program files (x86)/atmel/studio/7.0/toolchain/arm/arm-gnu-toolchain/bin/../lib/gcc/arm-none-eabi/6.3.1/../../../../arm-none-eabi/lib/thumb/v7e-m/crt0.o
__lock___arc4random_mutex                         c:/program files (x86)/atmel/studio/7.0/toolchain/arm/arm-gnu-toolchain/bin/../lib/gcc/arm-none-eabi/6.3.1/../../../../arm-none-eabi/lib/thumb/v7e-m\libc.a(lib_a-lock.o)
__lock___at_quick_exit_mutex                      c:/program files (x86)/atmel/studio/7.0/toolchain/arm/arm-gnu-toolchain/bin/../lib/gcc/arm-none-eabi/6.3.1/../../../../arm-none-eabi/lib/thumb/v7e-m\libc.a(lib_a-lock.o)
__lock___atexit_recursive_mutex                   c:/program files (x86)/atmel/studio/7.0/toolchain/arm/arm-gnu-toolchain/bin/../lib/gcc/arm-none-eabi/6.3.1/../../../../arm-none-eabi/lib/thumb/v7e-m\libc.a(lib_a-lock.o)
                                                  c:/program files (x86)/atmel/studio/7.0/toolchain/arm/arm-gnu-toolchain/bin/../lib/gcc/arm-none-eabi/6.3.1/../../../../arm-none-eabi/lib/thumb/v7e-m\libc.a(lib_a-__call_atexit.o)
__lock___dd_hash_mutex                            c:/program files (x86)/atmel/studio/7.0/toolchain/arm/arm-gnu-toolchain/bin/../lib/gcc/arm-none-eabi/6.3.1/../../../../arm-none-eabi/lib/thumb/v7e-m\libc.a(lib_a-lock.o)
__lock___env_recursive_mutex                      c:/program files (x86)/atmel/studio/7.0/toolchain/arm/arm-gnu-toolchain/bin/../lib/gcc/arm-none-eabi/6.3.1/../../../../arm-none-eabi/lib/thumb/v7e-m\libc.a(lib_a-lock.o)
__lock___malloc_recursive_mutex                   c:/program files (x86)/atmel/studio/7.0/toolchain/arm/arm-gnu-toolchain/bin/../lib/gcc/arm-none-eabi/6.3.1/../../../../arm-none-eabi/lib/thumb/v7e-m\libc.a(lib_a-lock.o)
__lock___sfp_recursive_mutex                      c:/program files (x86)/atmel/studio/7.0/toolchain/arm/arm-gnu-toolchain/bin/../lib/gcc/arm-none-eabi/6.3.1/../../../../arm-none-eabi/lib/thumb/v7e-m\libc.a(lib_a-lock.o)
__lock___sinit_recursive_mutex                    c:/program files (x86)/atmel/studio/7.0/toolchain/arm/arm-gnu-toolchain/bin/../lib/gcc/arm-none-eabi/6.3.1/../../../../arm-none-eabi/lib/thumb/v7e-m\libc.a(lib_a-lock.o)
__lock___tz_mutex                                 c:/program files (x86)/atmel/studio/7.0/toolchain/arm/arm-gnu-toolchain/bin/../lib/gcc/arm-none-eabi/6.3.1/../../../../arm-none-eabi/lib/thumb/v7e-m\libc.a(lib_a-lock.o)
__preinit_array_end                               c:/program files (x86)/atmel/studio/7.0/toolchain/arm/arm-gnu-toolchain/bin/../lib/gcc/arm-none-eabi/6.3.1/../../../../arm-none-eabi/lib/thumb/v7e-m\libc.a(lib_a-init.o)
__preinit_array_start                             c:/program files (x86)/atmel/studio/7.0/toolchain/arm/arm-gnu-toolchain/bin/../lib/gcc/arm-none-eabi/6.3.1/../../../../arm-none-eabi/lib/thumb/v7e-m\libc.a(lib_a-init.o)
__ram_end__                                       src/ASF/sam/utils/syscalls/gcc/syscalls.o
__register_exitproc                               c:/program files (x86)/atmel/studio/7.0/toolchain/arm/arm-gnu-toolchain/bin/../lib/gcc/arm-none-eabi/6.3.1/../../../../arm-none-eabi/lib/thumb/v7e-m\libc.a(lib_a-__atexit.o)
                                                  c:/program files (x86)/atmel/studio/7.0/toolchain/arm/arm-gnu-toolchain/bin/../lib/gcc/arm-none-eabi/6.3.1/../../../../arm-none-eabi/lib/thumb/v7e-m\libc.a(lib_a-atexit.o)
__register_frame_info                             c:/program files (x86)/atmel/studio/7.0/toolchain/arm/arm-gnu-toolchain/bin/../lib/gcc/arm-none-eabi/6.3.1/thumb/v7e-m/crtbegin.o
__retarget_lock_acquire                           c:/program files (x86)/atmel/studio/7.0/toolchain/arm/arm-gnu-toolchain/bin/../lib/gcc/arm-none-eabi/6.3.1/../../../../arm-none-eabi/lib/thumb/v7e-m\libc.a(lib_a-lock.o)
__retarget_lock_acquire_recursive                 c:/program files (x86)/atmel/studio/7.0/toolchain/arm/arm-gnu-toolchain/bin/../lib/gcc/arm-none-eabi/6.3.1/../../../../arm-none-eabi/lib/thumb/v7e-m\libc.a(lib_a-lock.o)
                                                  c:/program files (x86)/atmel/studio/7.0/toolchain/arm/arm-gnu-toolchain/bin/../lib/gcc/arm-none-eabi/6.3.1/../../../../arm-none-eabi/lib/thumb/v7e-m\libc.a(lib_a-__atexit.o)
                                                  c:/program files (x86)/atmel/studio/7.0/toolchain/arm/arm-gnu-toolchain/bin/../lib/gcc/arm-none-eabi/6.3.1/../../../../arm-none-eabi/lib/thumb/v7e-m\libc.a(lib_a-__call_atexit.o)
__retarget_lock_close                             c:/program files (x86)/atmel/studio/7.0/toolchain/arm/arm-gnu-toolchain/bin/../lib/gcc/arm-none-eabi/6.3.1/../../../../arm-none-eabi/lib/thumb/v7e-m\libc.a(lib_a-lock.o)
__retarget_lock_close_recursive                   c:/program files (x86)/atmel/studio/7.0/toolchain/arm/arm-gnu-toolchain/bin/../lib/gcc/arm-none-eabi/6.3.1/../../../../arm-none-eabi/lib/thumb/v7e-m\libc.a(lib_a-lock.o)
__retarget_lock_init                              c:/program files (x86)/atmel/studio/7.0/toolchain/arm/arm-gnu-toolchain/bin/../lib/gcc/arm-none-eabi/6.3.1/../../../../arm-none-eabi/lib/thumb/v7e-m\libc.a(lib_a-lock.o)
__retarget_lock_init_recursive                    c:/program files (x86)/atmel/studio/7.0/toolchain/arm/arm-gnu-toolchain/bin/../lib/gcc/arm-none-eabi/6.3.1/../../../../arm-none-eabi/lib/thumb/v7e-m\libc.a(lib_a-lock.o)
__retarget_lock_release                           c:/program files (x86)/atmel/studio/7.0/toolchain/arm/arm-gnu-toolchain/bin/../lib/gcc/arm-none-eabi/6.3.1/../../../../arm-none-eabi/lib/thumb/v7e-m\libc.a(lib_a-lock.o)
__retarget_lock_release_recursive                 c:/program files (x86)/atmel/studio/7.0/toolchain/arm/arm-gnu-toolchain/bin/../lib/gcc/arm-none-eabi/6.3.1/../../../../arm-none-eabi/lib/thumb/v7e-m\libc.a(lib_a-lock.o)
                                                  c:/program files (x86)/atmel/studio/7.0/toolchain/arm/arm-gnu-toolchain/bin/../lib/gcc/arm-none-eabi/6.3.1/../../../../arm-none-eabi/lib/thumb/v7e-m\libc.a(lib_a-__atexit.o)
                                                  c:/program files (x86)/atmel/studio/7.0/toolchain/arm/arm-gnu-toolchain/bin/../lib/gcc/arm-none-eabi/6.3.1/../../../../arm-none-eabi/lib/thumb/v7e-m\libc.a(lib_a-__call_atexit.o)
__retarget_lock_try_acquire                       c:/program files (x86)/atmel/studio/7.0/toolchain/arm/arm-gnu-toolchain/bin/../lib/gcc/arm-none-eabi/6.3.1/../../../../arm-none-eabi/lib/thumb/v7e-m\libc.a(lib_a-lock.o)
__retarget_lock_try_acquire_recursive             c:/program files (x86)/atmel/studio/7.0/toolchain/arm/arm-gnu-toolchain/bin/../lib/gcc/arm-none-eabi/6.3.1/../../../../arm-none-eabi/lib/thumb/v7e-m\libc.a(lib_a-lock.o)
__stack                                           c:/program files (x86)/atmel/studio/7.0/toolchain/arm/arm-gnu-toolchain/bin/../lib/gcc/arm-none-eabi/6.3.1/../../../../arm-none-eabi/lib/thumb/v7e-m/crt0.o
__udivmoddi4                                      c:/program files (x86)/atmel/studio/7.0/toolchain/arm/arm-gnu-toolchain/bin/../lib/gcc/arm-none-eabi/6.3.1/thumb/v7e-m\libgcc.a(_udivmoddi4.o)
                                                  c:/program files (x86)/atmel/studio/7.0/toolchain/arm/arm-gnu-toolchain/bin/../lib/gcc/arm-none-eabi/6.3.1/thumb/v7e-m\libgcc.a(_aeabi_uldivmod.o)
_close                                            src/ASF/sam/utils/syscalls/gcc/syscalls.o
_end                                              src/ASF/sam/utils/syscalls/gcc/syscalls.o
_erelocate                                        src/ASF/sam/utils/cmsis/same70/source/templates/gcc/startup_same70.o
_estack                                           src/ASF/sam/utils/cmsis/same70/source/templates/gcc/startup_same70.o
_etext                                            src/ASF/sam/utils/cmsis/same70/source/templates/gcc/startup_same70.o
_exit                                             src/ASF/sam/utils/syscalls/gcc/syscalls.o
                                                  c:/program files (x86)/atmel/studio/7.0/toolchain/arm/arm-gnu-toolchain/bin/../lib/gcc/arm-none-eabi/6.3.1/../../../../arm-none-eabi/lib/thumb/v7e-m\libc.a(lib_a-exit.o)
_ezero                                            src/ASF/sam/utils/cmsis/same70/source/templates/gcc/startup_same70.o
_fini                                             c:/program files (x86)/atmel/studio/7.0/toolchain/arm/arm-gnu-toolchain/bin/../lib/gcc/arm-none-eabi/6.3.1/thumb/v7e-m/crti.o
                                                  c:/program files (x86)/atmel/studio/7.0/toolchain/arm/arm-gnu-toolchain/bin/../lib/gcc/arm-none-eabi/6.3.1/../../../../arm-none-eabi/lib/thumb/v7e-m\libc.a(lib_a-fini.o)
_fstat                                            src/ASF/sam/utils/syscalls/gcc/syscalls.o
_getpid                                           src/ASF/sam/utils/syscalls/gcc/syscalls.o
_global_impure_ptr                                c:/program files (x86)/atmel/studio/7.0/toolchain/arm/arm-gnu-toolchain/bin/../lib/gcc/arm-none-eabi/6.3.1/../../../../arm-none-eabi/lib/thumb/v7e-m\libc.a(lib_a-impure.o)
                                                  c:/program files (x86)/atmel/studio/7.0/toolchain/arm/arm-gnu-toolchain/bin/../lib/gcc/arm-none-eabi/6.3.1/../../../../arm-none-eabi/lib/thumb/v7e-m\libc.a(lib_a-__atexit.o)
                                                  c:/program files (x86)/atmel/studio/7.0/toolchain/arm/arm-gnu-toolchain/bin/../lib/gcc/arm-none-eabi/6.3.1/../../../../arm-none-eabi/lib/thumb/v7e-m\libc.a(lib_a-__call_atexit.o)
                                                  c:/program files (x86)/atmel/studio/7.0/toolchain/arm/arm-gnu-toolchain/bin/../lib/gcc/arm-none-eabi/6.3.1/../../../../arm-none-eabi/lib/thumb/v7e-m\libc.a(lib_a-exit.o)
_impure_ptr                                       c:/program files (x86)/atmel/studio/7.0/toolchain/arm/arm-gnu-toolchain/bin/../lib/gcc/arm-none-eabi/6.3.1/../../../../arm-none-eabi/lib/thumb/v7e-m\libc.a(lib_a-impure.o)
_init                                             c:/program files (x86)/atmel/studio/7.0/toolchain/arm/arm-gnu-toolchain/bin/../lib/gcc/arm-none-eabi/6.3.1/thumb/v7e-m/crti.o
                                                  c:/program files (x86)/atmel/studio/7.0/toolchain/arm/arm-gnu-toolchain/bin/../lib/gcc/arm-none-eabi/6.3.1/../../../../arm-none-eabi/lib/thumb/v7e-m\libc.a(lib_a-init.o)
_isatty                                           src/ASF/sam/utils/syscalls/gcc/syscalls.o
_kill                                             src/ASF/sam/utils/syscalls/gcc/syscalls.o
_lseek                                            src/ASF/sam/utils/syscalls/gcc/syscalls.o
_mainCRTStartup                                   c:/program files (x86)/atmel/studio/7.0/toolchain/arm/arm-gnu-toolchain/bin/../lib/gcc/arm-none-eabi/6.3.1/../../../../arm-none-eabi/lib/thumb/v7e-m/crt0.o
_sbrk                                             src/ASF/sam/utils/syscalls/gcc/syscalls.o
_sfixed                                           src/ASF/sam/utils/cmsis/same70/source/templates/gcc/startup_same70.o
_srelocate                                        src/ASF/sam/utils/cmsis/same70/source/templates/gcc/startup_same70.o
_start                                            c:/program files (x86)/atmel/studio/7.0/toolchain/arm/arm-gnu-toolchain/bin/../lib/gcc/arm-none-eabi/6.3.1/../../../../arm-none-eabi/lib/thumb/v7e-m/crt0.o
_szero                                            src/ASF/sam/utils/cmsis/same70/source/templates/gcc/startup_same70.o
atexit                                            c:/program files (x86)/atmel/studio/7.0/toolchain/arm/arm-gnu-toolchain/bin/../lib/gcc/arm-none-eabi/6.3.1/../../../../arm-none-eabi/lib/thumb/v7e-m\libc.a(lib_a-atexit.o)
                                                  c:/program files (x86)/atmel/studio/7.0/toolchain/arm/arm-gnu-toolchain/bin/../lib/gcc/arm-none-eabi/6.3.1/../../../../arm-none-eabi/lib/thumb/v7e-m\libc.a(lib_a-__call_atexit.o)
                                                  c:/program files (x86)/atmel/studio/7.0/toolchain/arm/arm-gnu-toolchain/bin/../lib/gcc/arm-none-eabi/6.3.1/../../../../arm-none-eabi/lib/thumb/v7e-m/crt0.o
board_init                                        src/ASF/sam/boards/same70_xplained/init.o
cheia_de_manias                                   src/main.o
cpu_irq_enter_critical                            src/ASF/common/utils/interrupt/interrupt_sam_nvic.o
cpu_irq_leave_critical                            src/ASF/common/utils/interrupt/interrupt_sam_nvic.o
exception_table                                   src/ASF/sam/utils/cmsis/same70/source/templates/gcc/startup_same70.o
exit                                              c:/program files (x86)/atmel/studio/7.0/toolchain/arm/arm-gnu-toolchain/bin/../lib/gcc/arm-none-eabi/6.3.1/../../../../arm-none-eabi/lib/thumb/v7e-m\libc.a(lib_a-exit.o)
                                                  c:/program files (x86)/atmel/studio/7.0/toolchain/arm/arm-gnu-toolchain/bin/../lib/gcc/arm-none-eabi/6.3.1/../../../../arm-none-eabi/lib/thumb/v7e-m/crt0.o
free                                              c:/program files (x86)/atmel/studio/7.0/toolchain/arm/arm-gnu-toolchain/bin/../lib/gcc/arm-none-eabi/6.3.1/../../../../arm-none-eabi/lib/thumb/v7e-m\libc.a(lib_a-__call_atexit.o)
g_interrupt_enabled                               src/ASF/common/utils/interrupt/interrupt_sam_nvic.o
                                                  src/ASF/sam/utils/cmsis/same70/source/templates/gcc/startup_same70.o
                                                  src/ASF/sam/drivers/pmc/sleep.o
                                                  src/ASF/sam/drivers/mpu/mpu.o
hardware_init_hook                                c:/program files (x86)/atmel/studio/7.0/toolchain/arm/arm-gnu-toolchain/bin/../lib/gcc/arm-none-eabi/6.3.1/../../../../arm-none-eabi/lib/thumb/v7e-m/crt0.o
imperial_march                                    src/main.o
imperial_march_intro                              src/main.o
init                                              src/main.o
link                                              src/ASF/sam/utils/syscalls/gcc/syscalls.o
main                                              src/main.o
                                                  src/ASF/sam/utils/cmsis/same70/source/templates/gcc/startup_same70.o
                                                  c:/program files (x86)/atmel/studio/7.0/toolchain/arm/arm-gnu-toolchain/bin/../lib/gcc/arm-none-eabi/6.3.1/../../../../arm-none-eabi/lib/thumb/v7e-m/crt0.o
malloc                                            c:/program files (x86)/atmel/studio/7.0/toolchain/arm/arm-gnu-toolchain/bin/../lib/gcc/arm-none-eabi/6.3.1/../../../../arm-none-eabi/lib/thumb/v7e-m\libc.a(lib_a-__atexit.o)
memcpy                                            c:/program files (x86)/atmel/studio/7.0/toolchain/arm/arm-gnu-toolchain/bin/../lib/gcc/arm-none-eabi/6.3.1/../../../../arm-none-eabi/lib/thumb/v7e-m\libc.a(lib_a-memcpy.o)
                                                  src/functions.o
memset                                            c:/program files (x86)/atmel/studio/7.0/toolchain/arm/arm-gnu-toolchain/bin/../lib/gcc/arm-none-eabi/6.3.1/../../../../arm-none-eabi/lib/thumb/v7e-m\libc.a(lib_a-memset.o)
                                                  c:/program files (x86)/atmel/studio/7.0/toolchain/arm/arm-gnu-toolchain/bin/../lib/gcc/arm-none-eabi/6.3.1/../../../../arm-none-eabi/lib/thumb/v7e-m/crt0.o
mpu_cal_mpu_region_size                           src/ASF/sam/drivers/mpu/mpu.o
mpu_disable_region                                src/ASF/sam/drivers/mpu/mpu.o
mpu_enable                                        src/ASF/sam/drivers/mpu/mpu.o
mpu_set_region                                    src/ASF/sam/drivers/mpu/mpu.o
mpu_set_region_num                                src/ASF/sam/drivers/mpu/mpu.o
mpu_update_regions                                src/ASF/sam/drivers/mpu/mpu.o
next_callback                                     src/main.o
oleds                                             src/main.o
oleds_mask                                        src/main.o
pause_callback                                    src/main.o
pause_flag                                        src/main.o
pin_toggle                                        src/functions.o
                                                  src/main.o
pio_capture_disable                               src/ASF/sam/drivers/pio/pio.o
pio_capture_disable_interrupt                     src/ASF/sam/drivers/pio/pio.o
pio_capture_enable                                src/ASF/sam/drivers/pio/pio.o
pio_capture_enable_flag                           src/ASF/sam/drivers/pio/pio.o
pio_capture_enable_interrupt                      src/ASF/sam/drivers/pio/pio.o
pio_capture_get_interrupt_mask                    src/ASF/sam/drivers/pio/pio.o
pio_capture_get_interrupt_status                  src/ASF/sam/drivers/pio/pio.o
pio_capture_read                                  src/ASF/sam/drivers/pio/pio.o
pio_capture_set_mode                              src/ASF/sam/drivers/pio/pio.o
pio_clear                                         src/ASF/sam/drivers/pio/pio.o
                                                  src/main.o
                                                  src/functions.o
pio_configure                                     src/ASF/sam/drivers/pio/pio.o
                                                  src/functions.o
pio_configure_interrupt                           src/ASF/sam/drivers/pio/pio.o
                                                  src/ASF/sam/drivers/pio/pio_handler.o
pio_configure_pin                                 src/ASF/sam/drivers/pio/pio.o
pio_configure_pin_group                           src/ASF/sam/drivers/pio/pio.o
pio_disable_interrupt                             src/ASF/sam/drivers/pio/pio.o
                                                  src/ASF/sam/drivers/pio/pio_handler.o
pio_disable_output_write                          src/ASF/sam/drivers/pio/pio.o
pio_disable_pin_interrupt                         src/ASF/sam/drivers/pio/pio.o
pio_enable_interrupt                              src/ASF/sam/drivers/pio/pio.o
                                                  src/main.o
                                                  src/ASF/sam/drivers/pio/pio_handler.o
pio_enable_output_write                           src/ASF/sam/drivers/pio/pio.o
pio_enable_pin_interrupt                          src/ASF/sam/drivers/pio/pio.o
pio_get                                           src/ASF/sam/drivers/pio/pio.o
pio_get_interrupt_mask                            src/ASF/sam/drivers/pio/pio.o
                                                  src/ASF/sam/drivers/pio/pio_handler.o
pio_get_interrupt_status                          src/ASF/sam/drivers/pio/pio.o
                                                  src/ASF/sam/drivers/pio/pio_handler.o
pio_get_multi_driver_status                       src/ASF/sam/drivers/pio/pio.o
pio_get_output_data_status                        src/ASF/sam/drivers/pio/pio.o
                                                  src/functions.o
pio_get_output_write_status                       src/ASF/sam/drivers/pio/pio.o
pio_get_pin_group                                 src/ASF/sam/drivers/pio/pio.o
                                                  src/ASF/sam/drivers/pio/pio_handler.o
pio_get_pin_group_id                              src/ASF/sam/drivers/pio/pio.o
                                                  src/ASF/sam/drivers/pio/pio_handler.o
pio_get_pin_group_mask                            src/ASF/sam/drivers/pio/pio.o
                                                  src/ASF/sam/drivers/pio/pio_handler.o
pio_get_pin_value                                 src/ASF/sam/drivers/pio/pio.o
pio_get_schmitt_trigger                           src/ASF/sam/drivers/pio/pio.o
pio_get_writeprotect_status                       src/ASF/sam/drivers/pio/pio.o
pio_handler_process                               src/ASF/sam/drivers/pio/pio_handler.o
pio_handler_set                                   src/ASF/sam/drivers/pio/pio_handler.o
                                                  src/main.o
pio_handler_set_pin                               src/ASF/sam/drivers/pio/pio_handler.o
pio_handler_set_priority                          src/ASF/sam/drivers/pio/pio_handler.o
pio_init                                          src/functions.o
                                                  src/main.o
pio_pull_down                                     src/ASF/sam/drivers/pio/pio.o
pio_pull_up                                       src/ASF/sam/drivers/pio/pio.o
pio_set                                           src/ASF/sam/drivers/pio/pio.o
                                                  src/main.o
                                                  src/functions.o
pio_set_additional_interrupt_mode                 src/ASF/sam/drivers/pio/pio.o
pio_set_debounce_filter                           src/ASF/sam/drivers/pio/pio.o
pio_set_input                                     src/ASF/sam/drivers/pio/pio.o
pio_set_io_drive                                  src/ASF/sam/drivers/pio/pio.o
pio_set_multi_driver                              src/ASF/sam/drivers/pio/pio.o
pio_set_output                                    src/ASF/sam/drivers/pio/pio.o
pio_set_peripheral                                src/ASF/sam/drivers/pio/pio.o
pio_set_pin_group_high                            src/ASF/sam/drivers/pio/pio.o
pio_set_pin_group_low                             src/ASF/sam/drivers/pio/pio.o
pio_set_pin_high                                  src/ASF/sam/drivers/pio/pio.o
pio_set_pin_low                                   src/ASF/sam/drivers/pio/pio.o
pio_set_schmitt_trigger                           src/ASF/sam/drivers/pio/pio.o
pio_set_writeprotect                              src/ASF/sam/drivers/pio/pio.o
pio_sync_output_write                             src/ASF/sam/drivers/pio/pio.o
pio_toggle_pin                                    src/ASF/sam/drivers/pio/pio.o
pio_toggle_pin_group                              src/ASF/sam/drivers/pio/pio.o
pirates_of_the_caribbean                          src/main.o
play_callback                                     src/main.o
play_flag                                         src/main.o
play_note                                         src/functions.o
play_song                                         src/functions.o
                                                  src/main.o
play_song_part                                    src/functions.o
pmc_clr_fast_startup_input                        src/ASF/sam/drivers/pmc/pmc.o
pmc_disable_all_pck                               src/ASF/sam/drivers/pmc/pmc.o
pmc_disable_all_periph_clk                        src/ASF/sam/drivers/pmc/pmc.o
pmc_disable_clock_failure_detector                src/ASF/sam/drivers/pmc/pmc.o
pmc_disable_interrupt                             src/ASF/sam/drivers/pmc/pmc.o
pmc_disable_pck                                   src/ASF/sam/drivers/pmc/pmc.o
pmc_disable_periph_clk                            src/ASF/sam/drivers/pmc/pmc.o
pmc_disable_pllack                                src/ASF/sam/drivers/pmc/pmc.o
                                                  src/ASF/sam/drivers/pmc/sleep.o
                                                  src/ASF/common/services/clock/same70/sysclk.o
pmc_disable_sclk_osc_freq_monitor                 src/ASF/sam/drivers/pmc/pmc.o
pmc_disable_sleepwalking                          src/ASF/sam/drivers/pmc/pmc.o
pmc_disable_udpck                                 src/ASF/sam/drivers/pmc/pmc.o
                                                  src/ASF/common/services/clock/same70/sysclk.o
pmc_disable_upll_clock                            src/ASF/sam/drivers/pmc/pmc.o
pmc_enable_all_pck                                src/ASF/sam/drivers/pmc/pmc.o
pmc_enable_all_periph_clk                         src/ASF/sam/drivers/pmc/pmc.o
pmc_enable_backupmode                             src/ASF/sam/drivers/pmc/pmc.o
pmc_enable_clock_failure_detector                 src/ASF/sam/drivers/pmc/pmc.o
pmc_enable_interrupt                              src/ASF/sam/drivers/pmc/pmc.o
pmc_enable_pck                                    src/ASF/sam/drivers/pmc/pmc.o
pmc_enable_periph_clk                             src/ASF/sam/drivers/pmc/pmc.o
                                                  src/ASF/sam/boards/same70_xplained/init.o
                                                  src/functions.o
pmc_enable_pllack                                 src/ASF/sam/drivers/pmc/pmc.o
pmc_enable_sclk_osc_freq_monitor                  src/ASF/sam/drivers/pmc/pmc.o